Component: ARM Compiler 6.12 Tool: armlink [5d624300]

==============================================================================

Section Cross References

    startup_stm32wle5xx.o(RESET) refers to startup_stm32wle5xx.o(STACK) for __initial_sp
    startup_stm32wle5xx.o(RESET) refers to startup_stm32wle5xx.o(.text) for Reset_Handler
    startup_stm32wle5xx.o(RESET) refers to stm32wlxx_it.o(.text.NMI_Handler) for NMI_Handler
    startup_stm32wle5xx.o(RESET) refers to stm32wlxx_it.o(.text.HardFault_Handler) for HardFault_Handler
    startup_stm32wle5xx.o(RESET) refers to stm32wlxx_it.o(.text.MemManage_Handler) for MemManage_Handler
    startup_stm32wle5xx.o(RESET) refers to stm32wlxx_it.o(.text.BusFault_Handler) for BusFault_Handler
    startup_stm32wle5xx.o(RESET) refers to stm32wlxx_it.o(.text.UsageFault_Handler) for UsageFault_Handler
    startup_stm32wle5xx.o(RESET) refers to stm32wlxx_it.o(.text.SVC_Handler) for SVC_Handler
    startup_stm32wle5xx.o(RESET) refers to stm32wlxx_it.o(.text.DebugMon_Handler) for DebugMon_Handler
    startup_stm32wle5xx.o(RESET) refers to stm32wlxx_it.o(.text.PendSV_Handler) for PendSV_Handler
    startup_stm32wle5xx.o(RESET) refers to stm32wlxx_it.o(.text.SysTick_Handler) for SysTick_Handler
    startup_stm32wle5xx.o(.text) refers to system_stm32wlxx.o(.text.SystemInit) for SystemInit
    startup_stm32wle5xx.o(.text) refers to entry.o(.ARM.Collect$$$$00000000) for __main
    gd25q16.o(.text.CS) refers to stm32wlxx_hal_gpio.o(.text.HAL_GPIO_WritePin) for HAL_GPIO_WritePin
    gd25q16.o(.ARM.exidx.text.CS) refers to gd25q16.o(.text.CS) for [Anonymous Symbol]
    gd25q16.o(.text.DG_ReadStatus0_7) refers to stm32wlxx_hal_gpio.o(.text.HAL_GPIO_WritePin) for HAL_GPIO_WritePin
    gd25q16.o(.text.DG_ReadStatus0_7) refers to spi.o(.bss.hspi1) for hspi1
    gd25q16.o(.text.DG_ReadStatus0_7) refers to stm32wlxx_hal_spi.o(.text.HAL_SPI_TransmitReceive) for HAL_SPI_TransmitReceive
    gd25q16.o(.ARM.exidx.text.DG_ReadStatus0_7) refers to gd25q16.o(.text.DG_ReadStatus0_7) for [Anonymous Symbol]
    gd25q16.o(.text.GD_SendCommand) refers to spi.o(.bss.hspi1) for hspi1
    gd25q16.o(.text.GD_SendCommand) refers to stm32wlxx_hal_spi.o(.text.HAL_SPI_TransmitReceive) for HAL_SPI_TransmitReceive
    gd25q16.o(.ARM.exidx.text.GD_SendCommand) refers to gd25q16.o(.text.GD_SendCommand) for [Anonymous Symbol]
    gd25q16.o(.text.GD_Read) refers to spi.o(.bss.hspi1) for hspi1
    gd25q16.o(.text.GD_Read) refers to stm32wlxx_hal_spi.o(.text.HAL_SPI_TransmitReceive) for HAL_SPI_TransmitReceive
    gd25q16.o(.ARM.exidx.text.GD_Read) refers to gd25q16.o(.text.GD_Read) for [Anonymous Symbol]
    gd25q16.o(.text.DG_WaitBusy) refers to spi.o(.bss.hspi1) for hspi1
    gd25q16.o(.text.DG_WaitBusy) refers to stm32wlxx_hal_gpio.o(.text.HAL_GPIO_WritePin) for HAL_GPIO_WritePin
    gd25q16.o(.text.DG_WaitBusy) refers to stm32wlxx_hal_spi.o(.text.HAL_SPI_TransmitReceive) for HAL_SPI_TransmitReceive
    gd25q16.o(.ARM.exidx.text.DG_WaitBusy) refers to gd25q16.o(.text.DG_WaitBusy) for [Anonymous Symbol]
    gd25q16.o(.text.SendDummy) refers to spi.o(.bss.hspi1) for hspi1
    gd25q16.o(.text.SendDummy) refers to stm32wlxx_hal_spi.o(.text.HAL_SPI_TransmitReceive) for HAL_SPI_TransmitReceive
    gd25q16.o(.ARM.exidx.text.SendDummy) refers to gd25q16.o(.text.SendDummy) for [Anonymous Symbol]
    gd25q16.o(.text.GD_WriteEnable) refers to stm32wlxx_hal_gpio.o(.text.HAL_GPIO_WritePin) for HAL_GPIO_WritePin
    gd25q16.o(.text.GD_WriteEnable) refers to spi.o(.bss.hspi1) for hspi1
    gd25q16.o(.text.GD_WriteEnable) refers to stm32wlxx_hal_spi.o(.text.HAL_SPI_TransmitReceive) for HAL_SPI_TransmitReceive
    gd25q16.o(.ARM.exidx.text.GD_WriteEnable) refers to gd25q16.o(.text.GD_WriteEnable) for [Anonymous Symbol]
    gd25q16.o(.text.GD_WriteDisenable) refers to stm32wlxx_hal_gpio.o(.text.HAL_GPIO_WritePin) for HAL_GPIO_WritePin
    gd25q16.o(.text.GD_WriteDisenable) refers to spi.o(.bss.hspi1) for hspi1
    gd25q16.o(.text.GD_WriteDisenable) refers to stm32wlxx_hal_spi.o(.text.HAL_SPI_TransmitReceive) for HAL_SPI_TransmitReceive
    gd25q16.o(.ARM.exidx.text.GD_WriteDisenable) refers to gd25q16.o(.text.GD_WriteDisenable) for [Anonymous Symbol]
    gd25q16.o(.text.GD_UniqueID) refers to stm32wlxx_hal_gpio.o(.text.HAL_GPIO_WritePin) for HAL_GPIO_WritePin
    gd25q16.o(.text.GD_UniqueID) refers to spi.o(.bss.hspi1) for hspi1
    gd25q16.o(.text.GD_UniqueID) refers to stm32wlxx_hal_spi.o(.text.HAL_SPI_TransmitReceive) for HAL_SPI_TransmitReceive
    gd25q16.o(.text.GD_UniqueID) refers to printf8.o(i.__0printf$8) for __2printf
    gd25q16.o(.text.GD_UniqueID) refers to gd25q16.o(.rodata.str1.1) for .L.str.1
    gd25q16.o(.text.GD_UniqueID) refers to puts.o(i.puts) for puts
    gd25q16.o(.ARM.exidx.text.GD_UniqueID) refers to gd25q16.o(.text.GD_UniqueID) for [Anonymous Symbol]
    gd25q16.o(.text.GD_ManufactureID) refers to stm32wlxx_hal_gpio.o(.text.HAL_GPIO_WritePin) for HAL_GPIO_WritePin
[...]
    Removing stm32wlxx_hal_dma.o(.text.HAL_DMA_Abort), (108 bytes).
    Removing stm32wlxx_hal_dma.o(.ARM.exidx.text.HAL_DMA_Abort), (8 bytes).
    Removing stm32wlxx_hal_dma.o(.text.HAL_DMA_Abort_IT), (108 bytes).
    Removing stm32wlxx_hal_dma.o(.ARM.exidx.text.HAL_DMA_Abort_IT), (8 bytes).
    Removing stm32wlxx_hal_dma.o(.text.HAL_DMA_PollForTransfer), (384 bytes).
    Removing stm32wlxx_hal_dma.o(.ARM.exidx.text.HAL_DMA_PollForTransfer), (8 bytes).
    Removing stm32wlxx_hal_dma.o(.text.HAL_DMA_IRQHandler), (188 bytes).
    Removing stm32wlxx_hal_dma.o(.ARM.exidx.text.HAL_DMA_IRQHandler), (8 bytes).
    Removing stm32wlxx_hal_dma.o(.text.HAL_DMA_RegisterCallback), (78 bytes).
    Removing stm32wlxx_hal_dma.o(.ARM.exidx.text.HAL_DMA_RegisterCallback), (8 bytes).
    Removing stm32wlxx_hal_dma.o(.text.HAL_DMA_UnRegisterCallback), (104 bytes).
    Removing stm32wlxx_hal_dma.o(.ARM.exidx.text.HAL_DMA_UnRegisterCallback), (8 bytes).
    Removing stm32wlxx_hal_dma.o(.text.HAL_DMA_GetState), (4 bytes).
    Removing stm32wlxx_hal_dma.o(.ARM.exidx.text.HAL_DMA_GetState), (8 bytes).
    Removing stm32wlxx_hal_dma.o(.text.HAL_DMA_GetError), (4 bytes).
    Removing stm32wlxx_hal_dma.o(.ARM.exidx.text.HAL_DMA_GetError), (8 bytes).
    Removing stm32wlxx_hal_dma_ex.o(.text), (0 bytes).
    Removing stm32wlxx_hal_dma_ex.o(.text.HAL_DMAEx_ConfigMuxSync), (90 bytes).
    Removing stm32wlxx_hal_dma_ex.o(.ARM.exidx.text.HAL_DMAEx_ConfigMuxSync), (8 bytes).
    Removing stm32wlxx_hal_dma_ex.o(.text.HAL_DMAEx_ConfigMuxRequestGenerator), (90 bytes).
    Removing stm32wlxx_hal_dma_ex.o(.ARM.exidx.text.HAL_DMAEx_ConfigMuxRequestGenerator), (8 bytes).
    Removing stm32wlxx_hal_dma_ex.o(.text.HAL_DMAEx_EnableMuxRequestGenerator), (24 bytes).
    Removing stm32wlxx_hal_dma_ex.o(.ARM.exidx.text.HAL_DMAEx_EnableMuxRequestGenerator), (8 bytes).
    Removing stm32wlxx_hal_dma_ex.o(.text.HAL_DMAEx_DisableMuxRequestGenerator), (24 bytes).
    Removing stm32wlxx_hal_dma_ex.o(.ARM.exidx.text.HAL_DMAEx_DisableMuxRequestGenerator), (8 bytes).
    Removing stm32wlxx_hal_dma_ex.o(.text.HAL_DMAEx_MUX_IRQHandler), (94 bytes).
    Removing stm32wlxx_hal_dma_ex.o(.ARM.exidx.text.HAL_DMAEx_MUX_IRQHandler), (8 bytes).
    Removing stm32wlxx_hal_pwr.o(.text), (0 bytes).
    Removing stm32wlxx_hal_pwr.o(.text.HAL_PWR_DeInit), (58 bytes).
    Removing stm32wlxx_hal_pwr.o(.ARM.exidx.text.HAL_PWR_DeInit), (8 bytes).
    Removing stm32wlxx_hal_pwr.o(.ARM.exidx.text.HAL_PWR_EnableBkUpAccess), (8 bytes).
    Removing stm32wlxx_hal_pwr.o(.text.HAL_PWR_DisableBkUpAccess), (18 bytes).
    Removing stm32wlxx_hal_pwr.o(.ARM.exidx.text.HAL_PWR_DisableBkUpAccess), (8 bytes).
    Removing stm32wlxx_hal_pwr.o(.text.HAL_PWR_ConfigPVD), (106 bytes).
    Removing stm32wlxx_hal_pwr.o(.ARM.exidx.text.HAL_PWR_ConfigPVD), (8 bytes).
    Removing stm32wlxx_hal_pwr.o(.text.HAL_PWR_EnablePVD), (18 bytes).
    Removing stm32wlxx_hal_pwr.o(.ARM.exidx.text.HAL_PWR_EnablePVD), (8 bytes).
    Removing stm32wlxx_hal_pwr.o(.text.HAL_PWR_DisablePVD), (18 bytes).
    Removing stm32wlxx_hal_pwr.o(.ARM.exidx.text.HAL_PWR_DisablePVD), (8 bytes).
    Removing stm32wlxx_hal_pwr.o(.text.HAL_PWR_EnableWakeUpPin), (30 bytes).
    Removing stm32wlxx_hal_pwr.o(.ARM.exidx.text.HAL_PWR_EnableWakeUpPin), (8 bytes).
    Removing stm32wlxx_hal_pwr.o(.text.HAL_PWR_DisableWakeUpPin), (24 bytes).
    Removing stm32wlxx_hal_pwr.o(.ARM.exidx.text.HAL_PWR_DisableWakeUpPin), (8 bytes).
    Removing stm32wlxx_hal_pwr.o(.text.HAL_PWR_EnterSLEEPMode), (76 bytes).
    Removing stm32wlxx_hal_pwr.o(.ARM.exidx.text.HAL_PWR_EnterSLEEPMode), (8 bytes).
    Removing stm32wlxx_hal_pwr.o(.text.HAL_PWR_EnterSTOPMode), (18 bytes).
    Removing stm32wlxx_hal_pwr.o(.ARM.exidx.text.HAL_PWR_EnterSTOPMode), (8 bytes).
    Removing stm32wlxx_hal_pwr.o(.text.HAL_PWR_EnterSTANDBYMode), (38 bytes).
    Removing stm32wlxx_hal_pwr.o(.ARM.exidx.text.HAL_PWR_EnterSTANDBYMode), (8 bytes).
    Removing stm32wlxx_hal_pwr.o(.text.HAL_PWR_EnableSleepOnExit), (18 bytes).
    Removing stm32wlxx_hal_pwr.o(.ARM.exidx.text.HAL_PWR_EnableSleepOnExit), (8 bytes).
    Removing stm32wlxx_hal_pwr.o(.text.HAL_PWR_DisableSleepOnExit), (18 bytes).
    Removing stm32wlxx_hal_pwr.o(.ARM.exidx.text.HAL_PWR_DisableSleepOnExit), (8 bytes).
    Removing stm32wlxx_hal_pwr.o(.text.HAL_PWR_EnableSEVOnPend), (18 bytes).
    Removing stm32wlxx_hal_pwr.o(.ARM.exidx.text.HAL_PWR_EnableSEVOnPend), (8 bytes).
    Removing stm32wlxx_hal_pwr.o(.text.HAL_PWR_DisableSEVOnPend), (18 bytes).
    Removing stm32wlxx_hal_pwr.o(.ARM.exidx.text.HAL_PWR_DisableSEVOnPend), (8 bytes).
    Removing stm32wlxx_hal_pwr.o(.text.HAL_PWR_PVDCallback), (2 bytes).
    Removing stm32wlxx_hal_pwr.o(.ARM.exidx.text.HAL_PWR_PVDCallback), (8 bytes).
    Removing stm32wlxx_hal_pwr_ex.o(.text), (0 bytes).
    Removing stm32wlxx_hal_pwr_ex.o(.ARM.exidx.text.HAL_PWREx_GetVoltageRange), (8 bytes).
    Removing stm32wlxx_hal_pwr_ex.o(.text.HAL_PWREx_ControlVoltageScaling), (150 bytes).
    Removing stm32wlxx_hal_pwr_ex.o(.ARM.exidx.text.HAL_PWREx_ControlVoltageScaling), (8 bytes).
    Removing stm32wlxx_hal_pwr_ex.o(.text.HAL_PWREx_EnableBatteryCharging), (28 bytes).
    Removing stm32wlxx_hal_pwr_ex.o(.ARM.exidx.text.HAL_PWREx_EnableBatteryCharging), (8 bytes).
    Removing stm32wlxx_hal_pwr_ex.o(.text.HAL_PWREx_DisableBatteryCharging), (18 bytes).
    Removing stm32wlxx_hal_pwr_ex.o(.ARM.exidx.text.HAL_PWREx_DisableBatteryCharging), (8 bytes).
    Removing stm32wlxx_hal_pwr_ex.o(.text.HAL_PWREx_EnableInternalWakeUpLine), (18 bytes).
    Removing stm32wlxx_hal_pwr_ex.o(.ARM.exidx.text.HAL_PWREx_EnableInternalWakeUpLine), (8 bytes).
    Removing stm32wlxx_hal_pwr_ex.o(.text.HAL_PWREx_DisableInternalWakeUpLine), (18 bytes).
    Removing stm32wlxx_hal_pwr_ex.o(.ARM.exidx.text.HAL_PWREx_DisableInternalWakeUpLine), (8 bytes).
    Removing stm32wlxx_hal_pwr_ex.o(.text.HAL_PWREx_SetRadioBusyPolarity), (20 bytes).
    Removing stm32wlxx_hal_pwr_ex.o(.ARM.exidx.text.HAL_PWREx_SetRadioBusyPolarity), (8 bytes).
    Removing stm32wlxx_hal_pwr_ex.o(.text.HAL_PWREx_SetRadioBusyTrigger), (20 bytes).
    Removing stm32wlxx_hal_pwr_ex.o(.ARM.exidx.text.HAL_PWREx_SetRadioBusyTrigger), (8 bytes).
    Removing stm32wlxx_hal_pwr_ex.o(.text.HAL_PWREx_SetRadioIRQTrigger), (20 bytes).
    Removing stm32wlxx_hal_pwr_ex.o(.ARM.exidx.text.HAL_PWREx_SetRadioIRQTrigger), (8 bytes).
    Removing stm32wlxx_hal_pwr_ex.o(.text.HAL_PWREx_EnableGPIOPullUp), (114 bytes).
    Removing stm32wlxx_hal_pwr_ex.o(.ARM.exidx.text.HAL_PWREx_EnableGPIOPullUp), (8 bytes).
    Removing stm32wlxx_hal_pwr_ex.o(.text.HAL_PWREx_DisableGPIOPullUp), (118 bytes).
    Removing stm32wlxx_hal_pwr_ex.o(.ARM.exidx.text.HAL_PWREx_DisableGPIOPullUp), (8 bytes).
    Removing stm32wlxx_hal_pwr_ex.o(.text.HAL_PWREx_EnableGPIOPullDown), (136 bytes).
    Removing stm32wlxx_hal_pwr_ex.o(.ARM.exidx.text.HAL_PWREx_EnableGPIOPullDown), (8 bytes).
    Removing stm32wlxx_hal_pwr_ex.o(.text.HAL_PWREx_DisableGPIOPullDown), (70 bytes).
    Removing stm32wlxx_hal_pwr_ex.o(.ARM.exidx.text.HAL_PWREx_DisableGPIOPullDown), (8 bytes).
    Removing stm32wlxx_hal_pwr_ex.o(.text.HAL_PWREx_EnablePullUpPullDownConfig), (18 bytes).
    Removing stm32wlxx_hal_pwr_ex.o(.ARM.exidx.text.HAL_PWREx_EnablePullUpPullDownConfig), (8 bytes).
    Removing stm32wlxx_hal_pwr_ex.o(.text.HAL_PWREx_DisablePullUpPullDownConfig), (18 bytes).
    Removing stm32wlxx_hal_pwr_ex.o(.ARM.exidx.text.HAL_PWREx_DisablePullUpPullDownConfig), (8 bytes).
    Removing stm32wlxx_hal_pwr_ex.o(.text.HAL_PWREx_EnableSRAMRetention), (18 bytes).
    Removing stm32wlxx_hal_pwr_ex.o(.ARM.exidx.text.HAL_PWREx_EnableSRAMRetention), (8 bytes).
    Removing stm32wlxx_hal_pwr_ex.o(.text.HAL_PWREx_DisableSRAMRetention), (18 bytes).
    Removing stm32wlxx_hal_pwr_ex.o(.ARM.exidx.text.HAL_PWREx_DisableSRAMRetention), (8 bytes).
    Removing stm32wlxx_hal_pwr_ex.o(.text.HAL_PWREx_EnableFlashPowerDown), (26 bytes).
    Removing stm32wlxx_hal_pwr_ex.o(.ARM.exidx.text.HAL_PWREx_EnableFlashPowerDown), (8 bytes).
    Removing stm32wlxx_hal_pwr_ex.o(.text.HAL_PWREx_DisableFlashPowerDown), (18 bytes).
    Removing stm32wlxx_hal_pwr_ex.o(.ARM.exidx.text.HAL_PWREx_DisableFlashPowerDown), (8 bytes).
    Removing stm32wlxx_hal_pwr_ex.o(.text.HAL_PWREx_EnableWPVD), (18 bytes).
    Removing stm32wlxx_hal_pwr_ex.o(.ARM.exidx.text.HAL_PWREx_EnableWPVD), (8 bytes).
    Removing stm32wlxx_hal_pwr_ex.o(.text.HAL_PWREx_DisableWPVD), (18 bytes).
    Removing stm32wlxx_hal_pwr_ex.o(.ARM.exidx.text.HAL_PWREx_DisableWPVD), (8 bytes).
    Removing stm32wlxx_hal_pwr_ex.o(.text.HAL_PWREx_EnableBORPVD_ULP), (18 bytes).
    Removing stm32wlxx_hal_pwr_ex.o(.ARM.exidx.text.HAL_PWREx_EnableBORPVD_ULP), (8 bytes).
    Removing stm32wlxx_hal_pwr_ex.o(.text.HAL_PWREx_DisableBORPVD_ULP), (18 bytes).
    Removing stm32wlxx_hal_pwr_ex.o(.ARM.exidx.text.HAL_PWREx_DisableBORPVD_ULP), (8 bytes).
    Removing stm32wlxx_hal_pwr_ex.o(.text.HAL_PWREx_EnablePVM3), (18 bytes).
    Removing stm32wlxx_hal_pwr_ex.o(.ARM.exidx.text.HAL_PWREx_EnablePVM3), (8 bytes).
    Removing stm32wlxx_hal_pwr_ex.o(.text.HAL_PWREx_DisablePVM3), (18 bytes).
    Removing stm32wlxx_hal_pwr_ex.o(.ARM.exidx.text.HAL_PWREx_DisablePVM3), (8 bytes).
    Removing stm32wlxx_hal_pwr_ex.o(.text.HAL_PWREx_ConfigPVM), (96 bytes).
    Removing stm32wlxx_hal_pwr_ex.o(.ARM.exidx.text.HAL_PWREx_ConfigPVM), (8 bytes).
    Removing stm32wlxx_hal_pwr_ex.o(.text.HAL_PWREx_SetRadioEOL), (20 bytes).
    Removing stm32wlxx_hal_pwr_ex.o(.ARM.exidx.text.HAL_PWREx_SetRadioEOL), (8 bytes).
    Removing stm32wlxx_hal_pwr_ex.o(.text.HAL_PWREx_SMPS_SetMode), (20 bytes).
    Removing stm32wlxx_hal_pwr_ex.o(.ARM.exidx.text.HAL_PWREx_SMPS_SetMode), (8 bytes).
    Removing stm32wlxx_hal_pwr_ex.o(.text.HAL_PWREx_SMPS_GetEffectiveMode), (20 bytes).
    Removing stm32wlxx_hal_pwr_ex.o(.ARM.exidx.text.HAL_PWREx_SMPS_GetEffectiveMode), (8 bytes).
    Removing stm32wlxx_hal_pwr_ex.o(.text.HAL_PWREx_EnableLowPowerRunMode), (18 bytes).
    Removing stm32wlxx_hal_pwr_ex.o(.ARM.exidx.text.HAL_PWREx_EnableLowPowerRunMode), (8 bytes).
    Removing stm32wlxx_hal_pwr_ex.o(.text.HAL_PWREx_DisableLowPowerRunMode), (114 bytes).
    Removing stm32wlxx_hal_pwr_ex.o(.ARM.exidx.text.HAL_PWREx_DisableLowPowerRunMode), (8 bytes).
    Removing stm32wlxx_hal_pwr_ex.o(.text.HAL_PWREx_EnterSTOP0Mode), (54 bytes).
    Removing stm32wlxx_hal_pwr_ex.o(.ARM.exidx.text.HAL_PWREx_EnterSTOP0Mode), (8 bytes).
    Removing stm32wlxx_hal_pwr_ex.o(.text.HAL_PWREx_EnterSTOP1Mode), (56 bytes).
    Removing stm32wlxx_hal_pwr_ex.o(.ARM.exidx.text.HAL_PWREx_EnterSTOP1Mode), (8 bytes).
    Removing stm32wlxx_hal_pwr_ex.o(.text.HAL_PWREx_EnterSTOP2Mode), (56 bytes).
    Removing stm32wlxx_hal_pwr_ex.o(.ARM.exidx.text.HAL_PWREx_EnterSTOP2Mode), (8 bytes).
    Removing stm32wlxx_hal_pwr_ex.o(.text.HAL_PWREx_EnterSHUTDOWNMode), (36 bytes).
    Removing stm32wlxx_hal_pwr_ex.o(.ARM.exidx.text.HAL_PWREx_EnterSHUTDOWNMode), (8 bytes).
    Removing stm32wlxx_hal_pwr_ex.o(.text.HAL_PWREx_PVD_PVM_IRQHandler), (46 bytes).
    Removing stm32wlxx_hal_pwr_ex.o(.ARM.exidx.text.HAL_PWREx_PVD_PVM_IRQHandler), (8 bytes).
    Removing stm32wlxx_hal_pwr_ex.o(.text.HAL_PWREx_PVM3Callback), (2 bytes).
    Removing stm32wlxx_hal_pwr_ex.o(.ARM.exidx.text.HAL_PWREx_PVM3Callback), (8 bytes).
    Removing stm32wlxx_hal_cortex.o(.text), (0 bytes).
    Removing stm32wlxx_hal_cortex.o(.ARM.exidx.text.HAL_NVIC_SetPriorityGrouping), (8 bytes).
    Removing stm32wlxx_hal_cortex.o(.ARM.exidx.text.HAL_NVIC_SetPriority), (8 bytes).
    Removing stm32wlxx_hal_cortex.o(.text.HAL_NVIC_EnableIRQ), (32 bytes).
    Removing stm32wlxx_hal_cortex.o(.ARM.exidx.text.HAL_NVIC_EnableIRQ), (8 bytes).
    Removing stm32wlxx_hal_cortex.o(.text.HAL_NVIC_DisableIRQ), (40 bytes).
    Removing stm32wlxx_hal_cortex.o(.ARM.exidx.text.HAL_NVIC_DisableIRQ), (8 bytes).
    Removing stm32wlxx_hal_cortex.o(.text.HAL_NVIC_SystemReset), (4 bytes).
    Removing stm32wlxx_hal_cortex.o(.ARM.exidx.text.HAL_NVIC_SystemReset), (8 bytes).
    Removing stm32wlxx_hal_cortex.o(.text.__NVIC_SystemReset), (36 bytes).
    Removing stm32wlxx_hal_cortex.o(.ARM.exidx.text.__NVIC_SystemReset), (8 bytes).
    Removing stm32wlxx_hal_cortex.o(.ARM.exidx.text.HAL_SYSTICK_Config), (8 bytes).
    Removing stm32wlxx_hal_cortex.o(.text.HAL_NVIC_GetPriorityGrouping), (16 bytes).
    Removing stm32wlxx_hal_cortex.o(.ARM.exidx.text.HAL_NVIC_GetPriorityGrouping), (8 bytes).
    Removing stm32wlxx_hal_cortex.o(.text.HAL_NVIC_GetPriority), (88 bytes).
    Removing stm32wlxx_hal_cortex.o(.ARM.exidx.text.HAL_NVIC_GetPriority), (8 bytes).
    Removing stm32wlxx_hal_cortex.o(.text.HAL_NVIC_GetActive), (40 bytes).
    Removing stm32wlxx_hal_cortex.o(.ARM.exidx.text.HAL_NVIC_GetActive), (8 bytes).
    Removing stm32wlxx_hal_cortex.o(.text.HAL_NVIC_SetPendingIRQ), (32 bytes).
    Removing stm32wlxx_hal_cortex.o(.ARM.exidx.text.HAL_NVIC_SetPendingIRQ), (8 bytes).
    Removing stm32wlxx_hal_cortex.o(.text.HAL_NVIC_GetPendingIRQ), (40 bytes).
    Removing stm32wlxx_hal_cortex.o(.ARM.exidx.text.HAL_NVIC_GetPendingIRQ), (8 bytes).
    Removing stm32wlxx_hal_cortex.o(.text.HAL_NVIC_ClearPendingIRQ), (32 bytes).
    Removing stm32wlxx_hal_cortex.o(.ARM.exidx.text.HAL_NVIC_ClearPendingIRQ), (8 bytes).
    Removing stm32wlxx_hal_cortex.o(.text.HAL_SYSTICK_CLKSourceConfig), (26 bytes).
    Removing stm32wlxx_hal_cortex.o(.ARM.exidx.text.HAL_SYSTICK_CLKSourceConfig), (8 bytes).
    Removing stm32wlxx_hal_cortex.o(.text.HAL_SYSTICK_IRQHandler), (4 bytes).
    Removing stm32wlxx_hal_cortex.o(.ARM.exidx.text.HAL_SYSTICK_IRQHandler), (8 bytes).
    Removing stm32wlxx_hal_cortex.o(.text.HAL_SYSTICK_Callback), (2 bytes).
    Removing stm32wlxx_hal_cortex.o(.ARM.exidx.text.HAL_SYSTICK_Callback), (8 bytes).
    Removing stm32wlxx_hal_cortex.o(.text.HAL_MPU_Enable), (24 bytes).
    Removing stm32wlxx_hal_cortex.o(.ARM.exidx.text.HAL_MPU_Enable), (8 bytes).
    Removing stm32wlxx_hal_cortex.o(.text.HAL_MPU_Disable), (18 bytes).
    Removing stm32wlxx_hal_cortex.o(.ARM.exidx.text.HAL_MPU_Disable), (8 bytes).
    Removing stm32wlxx_hal_cortex.o(.text.HAL_MPU_ConfigRegion), (94 bytes).
    Removing stm32wlxx_hal_cortex.o(.ARM.exidx.text.HAL_MPU_ConfigRegion), (8 bytes).
    Removing stm32wlxx_hal.o(.text), (0 bytes).
    Removing stm32wlxx_hal.o(.ARM.exidx.text.HAL_Init), (8 bytes).
    Removing stm32wlxx_hal.o(.ARM.exidx.text.HAL_InitTick), (8 bytes).
    Removing stm32wlxx_hal.o(.text.HAL_MspInit), (2 bytes).
    Removing stm32wlxx_hal.o(.ARM.exidx.text.HAL_MspInit), (8 bytes).
    Removing stm32wlxx_hal.o(.text.HAL_DeInit), (78 bytes).
    Removing stm32wlxx_hal.o(.ARM.exidx.text.HAL_DeInit), (8 bytes).
    Removing stm32wlxx_hal.o(.text.HAL_MspDeInit), (2 bytes).
    Removing stm32wlxx_hal.o(.ARM.exidx.text.HAL_MspDeInit), (8 bytes).
    Removing stm32wlxx_hal.o(.ARM.exidx.text.HAL_IncTick), (8 bytes).
    Removing stm32wlxx_hal.o(.ARM.exidx.text.HAL_GetTick), (8 bytes).
    Removing stm32wlxx_hal.o(.text.HAL_GetTickPrio), (12 bytes).
    Removing stm32wlxx_hal.o(.ARM.exidx.text.HAL_GetTickPrio), (8 bytes).
    Removing stm32wlxx_hal.o(.text.HAL_SetTickFreq), (36 bytes).
    Removing stm32wlxx_hal.o(.ARM.exidx.text.HAL_SetTickFreq), (8 bytes).
    Removing stm32wlxx_hal.o(.text.HAL_GetTickFreq), (12 bytes).
    Removing stm32wlxx_hal.o(.ARM.exidx.text.HAL_GetTickFreq), (8 bytes).
    Removing stm32wlxx_hal.o(.text.HAL_Delay), (40 bytes).
    Removing stm32wlxx_hal.o(.ARM.exidx.text.HAL_Delay), (8 bytes).
    Removing stm32wlxx_hal.o(.text.HAL_SuspendTick), (18 bytes).
    Removing stm32wlxx_hal.o(.ARM.exidx.text.HAL_SuspendTick), (8 bytes).
    Removing stm32wlxx_hal.o(.text.HAL_ResumeTick), (18 bytes).
    Removing stm32wlxx_hal.o(.ARM.exidx.text.HAL_ResumeTick), (8 bytes).
    Removing stm32wlxx_hal.o(.text.HAL_GetHalVersion), (6 bytes).
    Removing stm32wlxx_hal.o(.ARM.exidx.text.HAL_GetHalVersion), (8 bytes).
    Removing stm32wlxx_hal.o(.text.HAL_GetREVID), (14 bytes).
    Removing stm32wlxx_hal.o(.ARM.exidx.text.HAL_GetREVID), (8 bytes).
    Removing stm32wlxx_hal.o(.text.HAL_GetDEVID), (16 bytes).
    Removing stm32wlxx_hal.o(.ARM.exidx.text.HAL_GetDEVID), (8 bytes).
    Removing stm32wlxx_hal.o(.text.HAL_GetUIDw0), (12 bytes).
    Removing stm32wlxx_hal.o(.ARM.exidx.text.HAL_GetUIDw0), (8 bytes).
    Removing stm32wlxx_hal.o(.text.HAL_GetUIDw1), (12 bytes).
    Removing stm32wlxx_hal.o(.ARM.exidx.text.HAL_GetUIDw1), (8 bytes).
    Removing stm32wlxx_hal.o(.text.HAL_GetUIDw2), (12 bytes).
    Removing stm32wlxx_hal.o(.ARM.exidx.text.HAL_GetUIDw2), (8 bytes).
    Removing stm32wlxx_hal.o(.text.HAL_DBGMCU_EnableDBGSleepMode), (18 bytes).
    Removing stm32wlxx_hal.o(.ARM.exidx.text.HAL_DBGMCU_EnableDBGSleepMode), (8 bytes).
    Removing stm32wlxx_hal.o(.text.HAL_DBGMCU_DisableDBGSleepMode), (18 bytes).
    Removing stm32wlxx_hal.o(.ARM.exidx.text.HAL_DBGMCU_DisableDBGSleepMode), (8 bytes).
    Removing stm32wlxx_hal.o(.text.HAL_DBGMCU_EnableDBGStopMode), (18 bytes).
    Removing stm32wlxx_hal.o(.ARM.exidx.text.HAL_DBGMCU_EnableDBGStopMode), (8 bytes).
    Removing stm32wlxx_hal.o(.text.HAL_DBGMCU_DisableDBGStopMode), (18 bytes).
    Removing stm32wlxx_hal.o(.ARM.exidx.text.HAL_DBGMCU_DisableDBGStopMode), (8 bytes).
    Removing stm32wlxx_hal.o(.text.HAL_DBGMCU_EnableDBGStandbyMode), (18 bytes).
    Removing stm32wlxx_hal.o(.ARM.exidx.text.HAL_DBGMCU_EnableDBGStandbyMode), (8 bytes).
    Removing stm32wlxx_hal.o(.text.HAL_DBGMCU_DisableDBGStandbyMode), (18 bytes).
    Removing stm32wlxx_hal.o(.ARM.exidx.text.HAL_DBGMCU_DisableDBGStandbyMode), (8 bytes).
    Removing stm32wlxx_hal.o(.text.HAL_SYSCFG_SRAM2Erase), (24 bytes).
    Removing stm32wlxx_hal.o(.ARM.exidx.text.HAL_SYSCFG_SRAM2Erase), (8 bytes).
    Removing stm32wlxx_hal.o(.text.HAL_SYSCFG_VREFBUF_VoltageScalingConfig), (42 bytes).
    Removing stm32wlxx_hal.o(.ARM.exidx.text.HAL_SYSCFG_VREFBUF_VoltageScalingConfig), (8 bytes).
    Removing stm32wlxx_hal.o(.text.HAL_SYSCFG_VREFBUF_TrimmingConfig), (10 bytes).
    Removing stm32wlxx_hal.o(.ARM.exidx.text.HAL_SYSCFG_VREFBUF_TrimmingConfig), (8 bytes).
    Removing stm32wlxx_hal.o(.text.HAL_SYSCFG_VREFBUF_HighImpedanceConfig), (18 bytes).
    Removing stm32wlxx_hal.o(.ARM.exidx.text.HAL_SYSCFG_VREFBUF_HighImpedanceConfig), (8 bytes).
    Removing stm32wlxx_hal.o(.text.HAL_SYSCFG_EnableVREFBUF), (50 bytes).
    Removing stm32wlxx_hal.o(.ARM.exidx.text.HAL_SYSCFG_EnableVREFBUF), (8 bytes).
    Removing stm32wlxx_hal.o(.text.HAL_SYSCFG_DisableVREFBUF), (16 bytes).
    Removing stm32wlxx_hal.o(.ARM.exidx.text.HAL_SYSCFG_DisableVREFBUF), (8 bytes).
    Removing stm32wlxx_hal.o(.text.HAL_SYSCFG_EnableIOAnalogSwitchBooster), (16 bytes).
    Removing stm32wlxx_hal.o(.ARM.exidx.text.HAL_SYSCFG_EnableIOAnalogSwitchBooster), (8 bytes).
    Removing stm32wlxx_hal.o(.text.HAL_SYSCFG_DisableIOAnalogSwitchBooster), (16 bytes).
    Removing stm32wlxx_hal.o(.ARM.exidx.text.HAL_SYSCFG_DisableIOAnalogSwitchBooster), (8 bytes).
    Removing stm32wlxx_hal_exti.o(.text), (0 bytes).
    Removing stm32wlxx_hal_exti.o(.text.HAL_EXTI_SetConfigLine), (206 bytes).
    Removing stm32wlxx_hal_exti.o(.ARM.exidx.text.HAL_EXTI_SetConfigLine), (8 bytes).
    Removing stm32wlxx_hal_exti.o(.text.HAL_EXTI_GetConfigLine), (172 bytes).
    Removing stm32wlxx_hal_exti.o(.ARM.exidx.text.HAL_EXTI_GetConfigLine), (8 bytes).
    Removing stm32wlxx_hal_exti.o(.text.HAL_EXTI_ClearConfigLine), (136 bytes).
    Removing stm32wlxx_hal_exti.o(.ARM.exidx.text.HAL_EXTI_ClearConfigLine), (8 bytes).
    Removing stm32wlxx_hal_exti.o(.text.HAL_EXTI_RegisterCallback), (12 bytes).
    Removing stm32wlxx_hal_exti.o(.ARM.exidx.text.HAL_EXTI_RegisterCallback), (8 bytes).
    Removing stm32wlxx_hal_exti.o(.text.HAL_EXTI_GetHandle), (12 bytes).
    Removing stm32wlxx_hal_exti.o(.ARM.exidx.text.HAL_EXTI_GetHandle), (8 bytes).
    Removing stm32wlxx_hal_exti.o(.text.HAL_EXTI_IRQHandler), (48 bytes).
    Removing stm32wlxx_hal_exti.o(.ARM.exidx.text.HAL_EXTI_IRQHandler), (8 bytes).
    Removing stm32wlxx_hal_exti.o(.text.HAL_EXTI_GetPending), (34 bytes).
    Removing stm32wlxx_hal_exti.o(.ARM.exidx.text.HAL_EXTI_GetPending), (8 bytes).
    Removing stm32wlxx_hal_exti.o(.text.HAL_EXTI_ClearPending), (30 bytes).
    Removing stm32wlxx_hal_exti.o(.ARM.exidx.text.HAL_EXTI_ClearPending), (8 bytes).
    Removing stm32wlxx_hal_exti.o(.text.HAL_EXTI_GenerateSWI), (30 bytes).
    Removing stm32wlxx_hal_exti.o(.ARM.exidx.text.HAL_EXTI_GenerateSWI), (8 bytes).
    Removing stm32wlxx_hal_tim.o(.text), (0 bytes).
    Removing stm32wlxx_hal_tim_ex.o(.text), (0 bytes).
    Removing stm32wlxx_hal_uart.o(.text), (0 bytes).
    Removing stm32wlxx_hal_uart.o(.ARM.exidx.text.HAL_UART_Init), (8 bytes).
    Removing stm32wlxx_hal_uart.o(.text.HAL_UART_MspInit), (2 bytes).
    Removing stm32wlxx_hal_uart.o(.ARM.exidx.text.HAL_UART_MspInit), (8 bytes).
    Removing stm32wlxx_hal_uart.o(.ARM.exidx.text.UART_SetConfig), (8 bytes).
    Removing stm32wlxx_hal_uart.o(.ARM.exidx.text.UART_AdvFeatureConfig), (8 bytes).
    Removing stm32wlxx_hal_uart.o(.ARM.exidx.text.UART_CheckIdleState), (8 bytes).
    Removing stm32wlxx_hal_uart.o(.text.HAL_HalfDuplex_Init), (108 bytes).
    Removing stm32wlxx_hal_uart.o(.ARM.exidx.text.HAL_HalfDuplex_Init), (8 bytes).
    Removing stm32wlxx_hal_uart.o(.text.HAL_LIN_Init), (132 bytes).
    Removing stm32wlxx_hal_uart.o(.ARM.exidx.text.HAL_LIN_Init), (8 bytes).
    Removing stm32wlxx_hal_uart.o(.text.HAL_MultiProcessor_Init), (132 bytes).
    Removing stm32wlxx_hal_uart.o(.ARM.exidx.text.HAL_MultiProcessor_Init), (8 bytes).
    Removing stm32wlxx_hal_uart.o(.text.HAL_UART_DeInit), (64 bytes).
    Removing stm32wlxx_hal_uart.o(.ARM.exidx.text.HAL_UART_DeInit), (8 bytes).
    Removing stm32wlxx_hal_uart.o(.text.HAL_UART_MspDeInit), (2 bytes).
    Removing stm32wlxx_hal_uart.o(.ARM.exidx.text.HAL_UART_MspDeInit), (8 bytes).
    Removing stm32wlxx_hal_uart.o(.ARM.exidx.text.HAL_UART_Transmit), (8 bytes).
    Removing stm32wlxx_hal_uart.o(.ARM.exidx.text.UART_WaitOnFlagUntilTimeout), (8 bytes).
    Removing stm32wlxx_hal_uart.o(.text.HAL_UART_Receive), (256 bytes).
    Removing stm32wlxx_hal_uart.o(.ARM.exidx.text.HAL_UART_Receive), (8 bytes).
    Removing stm32wlxx_hal_uart.o(.text.HAL_UART_Transmit_IT), (178 bytes).
    Removing stm32wlxx_hal_uart.o(.ARM.exidx.text.HAL_UART_Transmit_IT), (8 bytes).
    Removing stm32wlxx_hal_uart.o(.text.UART_TxISR_16BIT_FIFOEN), (98 bytes).
    Removing stm32wlxx_hal_uart.o(.ARM.exidx.text.UART_TxISR_16BIT_FIFOEN), (8 bytes).
    Removing stm32wlxx_hal_uart.o(.text.UART_TxISR_8BIT_FIFOEN), (94 bytes).
    Removing stm32wlxx_hal_uart.o(.ARM.exidx.text.UART_TxISR_8BIT_FIFOEN), (8 bytes).
    Removing stm32wlxx_hal_uart.o(.text.UART_TxISR_16BIT), (64 bytes).
    Removing stm32wlxx_hal_uart.o(.ARM.exidx.text.UART_TxISR_16BIT), (8 bytes).
    Removing stm32wlxx_hal_uart.o(.text.UART_TxISR_8BIT), (60 bytes).
    Removing stm32wlxx_hal_uart.o(.ARM.exidx.text.UART_TxISR_8BIT), (8 bytes).
    Removing stm32wlxx_hal_uart.o(.text.HAL_UART_Receive_IT), (58 bytes).
    Removing stm32wlxx_hal_uart.o(.ARM.exidx.text.HAL_UART_Receive_IT), (8 bytes).
    Removing stm32wlxx_hal_uart.o(.text.UART_Start_Receive_IT), (224 bytes).
    Removing stm32wlxx_hal_uart.o(.ARM.exidx.text.UART_Start_Receive_IT), (8 bytes).
    Removing stm32wlxx_hal_uart.o(.text.HAL_UART_Transmit_DMA), (152 bytes).
    Removing stm32wlxx_hal_uart.o(.ARM.exidx.text.HAL_UART_Transmit_DMA), (8 bytes).
    Removing stm32wlxx_hal_uart.o(.text.UART_DMATransmitCplt), (40 bytes).
    Removing stm32wlxx_hal_uart.o(.ARM.exidx.text.UART_DMATransmitCplt), (8 bytes).
    Removing stm32wlxx_hal_uart.o(.text.UART_DMATxHalfCplt), (6 bytes).
    Removing stm32wlxx_hal_uart.o(.ARM.exidx.text.UART_DMATxHalfCplt), (8 bytes).
    Removing stm32wlxx_hal_uart.o(.text.UART_DMAError), (140 bytes).
    Removing stm32wlxx_hal_uart.o(.ARM.exidx.text.UART_DMAError), (8 bytes).
    Removing stm32wlxx_hal_uart.o(.text.HAL_UART_Receive_DMA), (176 bytes).
    Removing stm32wlxx_hal_uart.o(.ARM.exidx.text.HAL_UART_Receive_DMA), (8 bytes).
    Removing stm32wlxx_hal_uart.o(.text.UART_Start_Receive_DMA), (130 bytes).
    Removing stm32wlxx_hal_uart.o(.ARM.exidx.text.UART_Start_Receive_DMA), (8 bytes).
    Removing stm32wlxx_hal_uart.o(.text.HAL_UART_DMAPause), (98 bytes).
    Removing stm32wlxx_hal_uart.o(.ARM.exidx.text.HAL_UART_DMAPause), (8 bytes).
    Removing stm32wlxx_hal_uart.o(.text.HAL_UART_DMAResume), (104 bytes).
    Removing stm32wlxx_hal_uart.o(.ARM.exidx.text.HAL_UART_DMAResume), (8 bytes).
    Removing stm32wlxx_hal_uart.o(.text.HAL_UART_DMAStop), (184 bytes).
    Removing stm32wlxx_hal_uart.o(.ARM.exidx.text.HAL_UART_DMAStop), (8 bytes).
    Removing stm32wlxx_hal_uart.o(.text.HAL_UART_Abort), (190 bytes).
    Removing stm32wlxx_hal_uart.o(.ARM.exidx.text.HAL_UART_Abort), (8 bytes).
    Removing stm32wlxx_hal_uart.o(.text.HAL_UART_AbortTransmit), (104 bytes).
    Removing stm32wlxx_hal_uart.o(.ARM.exidx.text.HAL_UART_AbortTransmit), (8 bytes).
    Removing stm32wlxx_hal_uart.o(.text.HAL_UART_AbortReceive), (120 bytes).
    Removing stm32wlxx_hal_uart.o(.ARM.exidx.text.HAL_UART_AbortReceive), (8 bytes).
    Removing stm32wlxx_hal_uart.o(.text.HAL_UART_Abort_IT), (226 bytes).
    Removing stm32wlxx_hal_uart.o(.ARM.exidx.text.HAL_UART_Abort_IT), (8 bytes).
    Removing stm32wlxx_hal_uart.o(.text.UART_DMATxAbortCallback), (72 bytes).
    Removing stm32wlxx_hal_uart.o(.ARM.exidx.text.UART_DMATxAbortCallback), (8 bytes).
    Removing stm32wlxx_hal_uart.o(.text.UART_DMARxAbortCallback), (62 bytes).
    Removing stm32wlxx_hal_uart.o(.ARM.exidx.text.UART_DMARxAbortCallback), (8 bytes).
    Removing stm32wlxx_hal_uart.o(.text.HAL_UART_AbortCpltCallback), (2 bytes).
    Removing stm32wlxx_hal_uart.o(.ARM.exidx.text.HAL_UART_AbortCpltCallback), (8 bytes).
    Removing stm32wlxx_hal_uart.o(.text.HAL_UART_AbortTransmit_IT), (132 bytes).
    Removing stm32wlxx_hal_uart.o(.ARM.exidx.text.HAL_UART_AbortTransmit_IT), (8 bytes).
    Removing stm32wlxx_hal_uart.o(.text.UART_DMATxOnlyAbortCallback), (36 bytes).
    Removing stm32wlxx_hal_uart.o(.ARM.exidx.text.UART_DMATxOnlyAbortCallback), (8 bytes).
    Removing stm32wlxx_hal_uart.o(.text.HAL_UART_AbortTransmitCpltCallback), (2 bytes).
    Removing stm32wlxx_hal_uart.o(.ARM.exidx.text.HAL_UART_AbortTransmitCpltCallback), (8 bytes).
    Removing stm32wlxx_hal_uart.o(.text.HAL_UART_AbortReceive_IT), (156 bytes).
    Removing stm32wlxx_hal_uart.o(.ARM.exidx.text.HAL_UART_AbortReceive_IT), (8 bytes).
    Removing stm32wlxx_hal_uart.o(.text.UART_DMARxOnlyAbortCallback), (34 bytes).
    Removing stm32wlxx_hal_uart.o(.ARM.exidx.text.UART_DMARxOnlyAbortCallback), (8 bytes).
    Removing stm32wlxx_hal_uart.o(.text.HAL_UART_AbortReceiveCpltCallback), (2 bytes).
    Removing stm32wlxx_hal_uart.o(.ARM.exidx.text.HAL_UART_AbortReceiveCpltCallback), (8 bytes).
    Removing stm32wlxx_hal_uart.o(.text.HAL_UART_IRQHandler), (750 bytes).
    Removing stm32wlxx_hal_uart.o(.ARM.exidx.text.HAL_UART_IRQHandler), (8 bytes).
    Removing stm32wlxx_hal_uart.o(.text.UART_DMAAbortOnError), (16 bytes).
    Removing stm32wlxx_hal_uart.o(.ARM.exidx.text.UART_DMAAbortOnError), (8 bytes).
    Removing stm32wlxx_hal_uart.o(.text.HAL_UART_ErrorCallback), (2 bytes).
    Removing stm32wlxx_hal_uart.o(.ARM.exidx.text.HAL_UART_ErrorCallback), (8 bytes).
    Removing stm32wlxx_hal_uart.o(.text.HAL_UARTEx_RxEventCallback), (2 bytes).
    Removing stm32wlxx_hal_uart.o(.ARM.exidx.text.HAL_UARTEx_RxEventCallback), (8 bytes).
    Removing stm32wlxx_hal_uart.o(.text.HAL_UART_TxCpltCallback), (2 bytes).
    Removing stm32wlxx_hal_uart.o(.ARM.exidx.text.HAL_UART_TxCpltCallback), (8 bytes).
    Removing stm32wlxx_hal_uart.o(.text.HAL_UART_TxHalfCpltCallback), (2 bytes).
    Removing stm32wlxx_hal_uart.o(.ARM.exidx.text.HAL_UART_TxHalfCpltCallback), (8 bytes).
    Removing stm32wlxx_hal_uart.o(.text.HAL_UART_RxCpltCallback), (2 bytes).
    Removing stm32wlxx_hal_uart.o(.ARM.exidx.text.HAL_UART_RxCpltCallback), (8 bytes).
    Removing stm32wlxx_hal_uart.o(.text.HAL_UART_RxHalfCpltCallback), (2 bytes).
    Removing stm32wlxx_hal_uart.o(.ARM.exidx.text.HAL_UART_RxHalfCpltCallback), (8 bytes).
    Removing stm32wlxx_hal_uart.o(.text.HAL_UART_ReceiverTimeout_Config), (28 bytes).
    Removing stm32wlxx_hal_uart.o(.ARM.exidx.text.HAL_UART_ReceiverTimeout_Config), (8 bytes).
    Removing stm32wlxx_hal_uart.o(.text.HAL_UART_EnableReceiverTimeout), (72 bytes).
    Removing stm32wlxx_hal_uart.o(.ARM.exidx.text.HAL_UART_EnableReceiverTimeout), (8 bytes).
    Removing stm32wlxx_hal_uart.o(.text.HAL_UART_DisableReceiverTimeout), (72 bytes).
    Removing stm32wlxx_hal_uart.o(.ARM.exidx.text.HAL_UART_DisableReceiverTimeout), (8 bytes).
    Removing stm32wlxx_hal_uart.o(.text.HAL_MultiProcessor_EnableMuteMode), (44 bytes).
    Removing stm32wlxx_hal_uart.o(.ARM.exidx.text.HAL_MultiProcessor_EnableMuteMode), (8 bytes).
    Removing stm32wlxx_hal_uart.o(.text.HAL_MultiProcessor_DisableMuteMode), (44 bytes).
    Removing stm32wlxx_hal_uart.o(.ARM.exidx.text.HAL_MultiProcessor_DisableMuteMode), (8 bytes).
    Removing stm32wlxx_hal_uart.o(.text.HAL_MultiProcessor_EnterMuteMode), (12 bytes).
    Removing stm32wlxx_hal_uart.o(.ARM.exidx.text.HAL_MultiProcessor_EnterMuteMode), (8 bytes).
    Removing stm32wlxx_hal_uart.o(.text.HAL_HalfDuplex_EnableTransmitter), (54 bytes).
    Removing stm32wlxx_hal_uart.o(.ARM.exidx.text.HAL_HalfDuplex_EnableTransmitter), (8 bytes).
    Removing stm32wlxx_hal_uart.o(.text.HAL_HalfDuplex_EnableReceiver), (54 bytes).
    Removing stm32wlxx_hal_uart.o(.ARM.exidx.text.HAL_HalfDuplex_EnableReceiver), (8 bytes).
    Removing stm32wlxx_hal_uart.o(.text.HAL_LIN_SendBreak), (46 bytes).
    Removing stm32wlxx_hal_uart.o(.ARM.exidx.text.HAL_LIN_SendBreak), (8 bytes).
    Removing stm32wlxx_hal_uart.o(.text.HAL_UART_GetState), (12 bytes).
    Removing stm32wlxx_hal_uart.o(.ARM.exidx.text.HAL_UART_GetState), (8 bytes).
    Removing stm32wlxx_hal_uart.o(.text.HAL_UART_GetError), (6 bytes).
    Removing stm32wlxx_hal_uart.o(.ARM.exidx.text.HAL_UART_GetError), (8 bytes).
    Removing stm32wlxx_hal_uart.o(.text.UART_RxISR_16BIT_FIFOEN), (604 bytes).
    Removing stm32wlxx_hal_uart.o(.ARM.exidx.text.UART_RxISR_16BIT_FIFOEN), (8 bytes).
    Removing stm32wlxx_hal_uart.o(.text.UART_RxISR_8BIT_FIFOEN), (612 bytes).
    Removing stm32wlxx_hal_uart.o(.ARM.exidx.text.UART_RxISR_8BIT_FIFOEN), (8 bytes).
    Removing stm32wlxx_hal_uart.o(.text.UART_RxISR_16BIT), (128 bytes).
    Removing stm32wlxx_hal_uart.o(.ARM.exidx.text.UART_RxISR_16BIT), (8 bytes).
    Removing stm32wlxx_hal_uart.o(.text.UART_RxISR_8BIT), (132 bytes).
    Removing stm32wlxx_hal_uart.o(.ARM.exidx.text.UART_RxISR_8BIT), (8 bytes).
    Removing stm32wlxx_hal_uart.o(.text.UART_DMAReceiveCplt), (80 bytes).
    Removing stm32wlxx_hal_uart.o(.ARM.exidx.text.UART_DMAReceiveCplt), (8 bytes).
    Removing stm32wlxx_hal_uart.o(.text.UART_DMARxHalfCplt), (22 bytes).
    Removing stm32wlxx_hal_uart.o(.ARM.exidx.text.UART_DMARxHalfCplt), (8 bytes).
    Removing stm32wlxx_hal_uart_ex.o(.text), (0 bytes).
    Removing stm32wlxx_hal_uart_ex.o(.text.HAL_RS485Ex_Init), (130 bytes).
    Removing stm32wlxx_hal_uart_ex.o(.ARM.exidx.text.HAL_RS485Ex_Init), (8 bytes).
    Removing stm32wlxx_hal_uart_ex.o(.text.HAL_UARTEx_WakeupCallback), (2 bytes).
    Removing stm32wlxx_hal_uart_ex.o(.ARM.exidx.text.HAL_UARTEx_WakeupCallback), (8 bytes).
    Removing stm32wlxx_hal_uart_ex.o(.text.HAL_UARTEx_RxFifoFullCallback), (2 bytes).
    Removing stm32wlxx_hal_uart_ex.o(.ARM.exidx.text.HAL_UARTEx_RxFifoFullCallback), (8 bytes).
    Removing stm32wlxx_hal_uart_ex.o(.text.HAL_UARTEx_TxFifoEmptyCallback), (2 bytes).
    Removing stm32wlxx_hal_uart_ex.o(.ARM.exidx.text.HAL_UARTEx_TxFifoEmptyCallback), (8 bytes).
    Removing stm32wlxx_hal_uart_ex.o(.text.HAL_MultiProcessorEx_AddressLength_Set), (46 bytes).
    Removing stm32wlxx_hal_uart_ex.o(.ARM.exidx.text.HAL_MultiProcessorEx_AddressLength_Set), (8 bytes).
    Removing stm32wlxx_hal_uart_ex.o(.text.HAL_UARTEx_StopModeWakeUpSourceConfig), (146 bytes).
    Removing stm32wlxx_hal_uart_ex.o(.ARM.exidx.text.HAL_UARTEx_StopModeWakeUpSourceConfig), (8 bytes).
    Removing stm32wlxx_hal_uart_ex.o(.text.HAL_UARTEx_EnableStopMode), (34 bytes).
    Removing stm32wlxx_hal_uart_ex.o(.ARM.exidx.text.HAL_UARTEx_EnableStopMode), (8 bytes).
    Removing stm32wlxx_hal_uart_ex.o(.text.HAL_UARTEx_DisableStopMode), (34 bytes).
    Removing stm32wlxx_hal_uart_ex.o(.ARM.exidx.text.HAL_UARTEx_DisableStopMode), (8 bytes).
    Removing stm32wlxx_hal_uart_ex.o(.text.HAL_UARTEx_EnableFifoMode), (128 bytes).
    Removing stm32wlxx_hal_uart_ex.o(.ARM.exidx.text.HAL_UARTEx_EnableFifoMode), (8 bytes).
    Removing stm32wlxx_hal_uart_ex.o(.ARM.exidx.text.HAL_UARTEx_DisableFifoMode), (8 bytes).
    Removing stm32wlxx_hal_uart_ex.o(.ARM.exidx.text.HAL_UARTEx_SetTxFifoThreshold), (8 bytes).
    Removing stm32wlxx_hal_uart_ex.o(.ARM.exidx.text.HAL_UARTEx_SetRxFifoThreshold), (8 bytes).
    Removing stm32wlxx_hal_uart_ex.o(.text.HAL_UARTEx_ReceiveToIdle), (472 bytes).
    Removing stm32wlxx_hal_uart_ex.o(.ARM.exidx.text.HAL_UARTEx_ReceiveToIdle), (8 bytes).
    Removing stm32wlxx_hal_uart_ex.o(.text.HAL_UARTEx_ReceiveToIdle_IT), (86 bytes).
    Removing stm32wlxx_hal_uart_ex.o(.ARM.exidx.text.HAL_UARTEx_ReceiveToIdle_IT), (8 bytes).
    Removing stm32wlxx_hal_uart_ex.o(.text.HAL_UARTEx_ReceiveToIdle_DMA), (86 bytes).
    Removing stm32wlxx_hal_uart_ex.o(.ARM.exidx.text.HAL_UARTEx_ReceiveToIdle_DMA), (8 bytes).
    Removing system_stm32wlxx.o(.text), (0 bytes).
    Removing system_stm32wlxx.o(.ARM.exidx.text.SystemInit), (8 bytes).
    Removing system_stm32wlxx.o(.text.SystemCoreClockUpdate), (196 bytes).
    Removing system_stm32wlxx.o(.ARM.exidx.text.SystemCoreClockUpdate), (8 bytes).
    Removing dadd.o(.text), (334 bytes).
    Removing dmul.o(.text), (228 bytes).
    Removing ddiv.o(.text), (222 bytes).
    Removing dfixul.o(.text), (48 bytes).
    Removing cdrcmple.o(.text), (48 bytes).
    Removing depilogue.o(.text), (186 bytes).

717 unused section(s) (total 33510 bytes) removed from the image.

==============================================================================

Image Symbol Table

    Local Symbols

    Symbol Name                              Value     Ov Type        Size  Object(Section)

    ../clib/microlib/division.c              0x00000000   Number         0  uldiv.o ABSOLUTE
    ../clib/microlib/division.c              0x00000000   Number         0  uidiv.o ABSOLUTE
    ../clib/microlib/init/entry.s            0x00000000   Number         0  entry.o ABSOLUTE
    ../clib/microlib/init/entry.s            0x00000000   Number         0  entry2.o ABSOLUTE
    ../clib/microlib/init/entry.s            0x00000000   Number         0  entry5.o ABSOLUTE
    ../clib/microlib/init/entry.s            0x00000000   Number         0  entry7a.o ABSOLUTE
    ../clib/microlib/init/entry.s            0x00000000   Number         0  entry7b.o ABSOLUTE
    ../clib/microlib/init/entry.s            0x00000000   Number         0  entry8a.o ABSOLUTE
    ../clib/microlib/init/entry.s            0x00000000   Number         0  entry8b.o ABSOLUTE
    ../clib/microlib/init/entry.s            0x00000000   Number         0  entry9a.o ABSOLUTE
    ../clib/microlib/init/entry.s            0x00000000   Number         0  entry9b.o ABSOLUTE
    ../clib/microlib/init/entry.s            0x00000000   Number         0  entry10a.o ABSOLUTE
    ../clib/microlib/init/entry.s            0x00000000   Number         0  entry10b.o ABSOLUTE
    ../clib/microlib/init/entry.s            0x00000000   Number         0  entry11a.o ABSOLUTE
    ../clib/microlib/init/entry.s            0x00000000   Number         0  entry11b.o ABSOLUTE
    ../clib/microlib/longlong.c              0x00000000   Number         0  llshl.o ABSOLUTE
    ../clib/microlib/longlong.c              0x00000000   Number         0  llushr.o ABSOLUTE
    ../clib/microlib/longlong.c              0x00000000   Number         0  llsshr.o ABSOLUTE
    ../clib/microlib/printf/printf.c         0x00000000   Number         0  printfb.o ABSOLUTE
    ../clib/microlib/printf/printf.c         0x00000000   Number         0  printf0.o ABSOLUTE
    ../clib/microlib/printf/printf.c         0x00000000   Number         0  printf1.o ABSOLUTE
    ../clib/microlib/printf/printf.c         0x00000000   Number         0  printf2.o ABSOLUTE
    ../clib/microlib/printf/printf.c         0x00000000   Number         0  printf3.o ABSOLUTE
    ../clib/microlib/printf/printf.c         0x00000000   Number         0  printf4.o ABSOLUTE
    ../clib/microlib/printf/printf.c         0x00000000   Number         0  printf5.o ABSOLUTE
    ../clib/microlib/printf/printf.c         0x00000000   Number         0  printf6.o ABSOLUTE
    ../clib/microlib/printf/printf.c         0x00000000   Number         0  printf7.o ABSOLUTE
    ../clib/microlib/printf/printf.c         0x00000000   Number         0  printf8.o ABSOLUTE
    ../clib/microlib/printf/printf.c         0x00000000   Number         0  printfa.o ABSOLUTE
    ../clib/microlib/printf/stubs.s          0x00000000   Number         0  stubs.o ABSOLUTE
    ../clib/microlib/stdio/putchar.c         0x00000000   Number         0  putchar.o ABSOLUTE
    ../clib/microlib/stdio/puts.c            0x00000000   Number         0  puts.o ABSOLUTE
    ../clib/microlib/stdio/puts.c            0x00000000   Number         0  puts_e.o ABSOLUTE
    ../clib/microlib/stdio/streams.c         0x00000000   Number         0  stdout.o ABSOLUTE
    ../clib/microlib/stdlib/rand.c           0x00000000   Number         0  rand.o ABSOLUTE
    ../clib/microlib/string/memset.c         0x00000000   Number         0  memseta.o ABSOLUTE
    ../clib/microlib/stubs.s                 0x00000000   Number         0  iusefp.o ABSOLUTE
    ../fplib/microlib/fpadd.c                0x00000000   Number         0  dadd.o ABSOLUTE
    ../fplib/microlib/fpdiv.c                0x00000000   Number         0  ddiv.o ABSOLUTE
    ../fplib/microlib/fpepilogue.c           0x00000000   Number         0  depilogue.o ABSOLUTE
    ../fplib/microlib/fpfix.c                0x00000000   Number         0  dfixul.o ABSOLUTE
    ../fplib/microlib/fpmul.c                0x00000000   Number         0  dmul.o ABSOLUTE
    GD25Q16.c                                0x00000000   Number         0  gd25q16.o ABSOLUTE
    cdrcmple.s                               0x00000000   Number         0  cdrcmple.o ABSOLUTE
    dc.s                                     0x00000000   Number         0  dc.o ABSOLUTE
    gpio.c                                   0x00000000   Number         0  gpio.o ABSOLUTE
    handlers.s                               0x00000000   Number         0  handlers.o ABSOLUTE
    init.s                                   0x00000000   Number         0  init.o ABSOLUTE
    main.c                                   0x00000000   Number         0  main.o ABSOLUTE
    spi.c                                    0x00000000   Number         0  spi.o ABSOLUTE
    startup_stm32wle5xx.s                    0x00000000   Number         0  startup_stm32wle5xx.o ABSOLUTE
    stm32wlxx_hal.c                          0x00000000   Number         0  stm32wlxx_hal.o ABSOLUTE
    stm32wlxx_hal_cortex.c                   0x00000000   Number         0  stm32wlxx_hal_cortex.o ABSOLUTE
    stm32wlxx_hal_dma.c                      0x00000000   Number         0  stm32wlxx_hal_dma.o ABSOLUTE
    stm32wlxx_hal_dma_ex.c                   0x00000000   Number         0  stm32wlxx_hal_dma_ex.o ABSOLUTE
    stm32wlxx_hal_exti.c                     0x00000000   Number         0  stm32wlxx_hal_exti.o ABSOLUTE
    stm32wlxx_hal_flash.c                    0x00000000   Number         0  stm32wlxx_hal_flash.o ABSOLUTE
    stm32wlxx_hal_flash_ex.c                 0x00000000   Number         0  stm32wlxx_hal_flash_ex.o ABSOLUTE
    stm32wlxx_hal_gpio.c                     0x00000000   Number         0  stm32wlxx_hal_gpio.o ABSOLUTE
    stm32wlxx_hal_msp.c                      0x00000000   Number         0  stm32wlxx_hal_msp.o ABSOLUTE
    stm32wlxx_hal_pwr.c                      0x00000000   Number         0  stm32wlxx_hal_pwr.o ABSOLUTE
    stm32wlxx_hal_pwr_ex.c                   0x00000000   Number         0  stm32wlxx_hal_pwr_ex.o ABSOLUTE
    stm32wlxx_hal_rcc.c                      0x00000000   Number         0  stm32wlxx_hal_rcc.o ABSOLUTE
    stm32wlxx_hal_rcc_ex.c                   0x00000000   Number         0  stm32wlxx_hal_rcc_ex.o ABSOLUTE
    stm32wlxx_hal_spi.c                      0x00000000   Number         0  stm32wlxx_hal_spi.o ABSOLUTE
    stm32wlxx_hal_spi_ex.c                   0x00000000   Number         0  stm32wlxx_hal_spi_ex.o ABSOLUTE
    stm32wlxx_hal_tim.c                      0x00000000   Number         0  stm32wlxx_hal_tim.o ABSOLUTE
    stm32wlxx_hal_tim_ex.c                   0x00000000   Number         0  stm32wlxx_hal_tim_ex.o ABSOLUTE
    stm32wlxx_hal_uart.c                     0x00000000   Number         0  stm32wlxx_hal_uart.o ABSOLUTE
    stm32wlxx_hal_uart_ex.c                  0x00000000   Number         0  stm32wlxx_hal_uart_ex.o ABSOLUTE
    stm32wlxx_it.c                           0x00000000   Number         0  stm32wlxx_it.o ABSOLUTE
    system_stm32wlxx.c                       0x00000000   Number         0  system_stm32wlxx.o ABSOLUTE
    usart.c                                  0x00000000   Number         0  usart.o ABSOLUTE
    RESET                                    0x08000000   Section      312  startup_stm32wle5xx.o(RESET)
    .ARM.Collect$$$$00000000                 0x08000138   Section        0  entry.o(.ARM.Collect$$$$00000000)
    .ARM.Collect$$$$00000001                 0x08000138   Section        4  entry2.o(.ARM.Collect$$$$00000001)
    .ARM.Collect$$$$00000004                 0x0800013c   Section        4  entry5.o(.ARM.Collect$$$$00000004)
    .ARM.Collect$$$$00000008                 0x08000140   Section        0  entry7b.o(.ARM.Collect$$$$00000008)
    .ARM.Collect$$$$0000000A                 0x08000140   Section        0  entry8b.o(.ARM.Collect$$$$0000000A)
    .ARM.Collect$$$$0000000B                 0x08000140   Section        8  entry9a.o(.ARM.Collect$$$$0000000B)
    __lit__00000000                          0x08000148   Data           4  entry2.o(.ARM.Collect$$$$00002712)
    .ARM.Collect$$$$0000000D                 0x08000148   Section        0  entry10a.o(.ARM.Collect$$$$0000000D)
    .ARM.Collect$$$$0000000F                 0x08000148   Section        0  entry11a.o(.ARM.Collect$$$$0000000F)
    .ARM.Collect$$$$00002712                 0x08000148   Section        4  entry2.o(.ARM.Collect$$$$00002712)
    .text                                    0x0800014c   Section       36  startup_stm32wle5xx.o(.text)
    .text                                    0x08000170   Section        0  uldiv.o(.text)
    .text                                    0x080001d4   Section        0  rand.o(.text)
    .text                                    0x080001f8   Section        0  memseta.o(.text)
    .text                                    0x0800021c   Section        0  llshl.o(.text)
    .text                                    0x0800023a   Section        0  llushr.o(.text)
    .text                                    0x0800025c   Section       36  init.o(.text)
    [Anonymous Symbol]                       0x08000280   Section        0  stm32wlxx_it.o(.text.BusFault_Handler)
    [Anonymous Symbol]                       0x08000284   Section        0  gd25q16.o(.text.DG_Read)
    [Anonymous Symbol]                       0x0800032c   Section        0  gd25q16.o(.text.DG_Test)
    [Anonymous Symbol]                       0x08000924   Section        0  gd25q16.o(.text.DG_Write_Page)
    [Anonymous Symbol]                       0x080009cc   Section        0  stm32wlxx_it.o(.text.DebugMon_Handler)
    [Anonymous Symbol]                       0x080009d0   Section        0  main.o(.text.Error_Handler)
    [Anonymous Symbol]                       0x080009dc   Section        0  stm32wlxx_hal_gpio.o(.text.HAL_GPIO_Init)
    [Anonymous Symbol]                       0x08000b90   Section        0  stm32wlxx_hal_gpio.o(.text.HAL_GPIO_TogglePin)
    [Anonymous Symbol]                       0x08000ba0   Section        0  stm32wlxx_hal_gpio.o(.text.HAL_GPIO_WritePin)
    [Anonymous Symbol]                       0x08000bac   Section        0  stm32wlxx_hal.o(.text.HAL_GetTick)
    [Anonymous Symbol]                       0x08000bb8   Section        0  stm32wlxx_hal.o(.text.HAL_IncTick)
    [Anonymous Symbol]                       0x08000bd4   Section        0  stm32wlxx_hal.o(.text.HAL_Init)
    [Anonymous Symbol]                       0x08000c00   Section        0  stm32wlxx_hal.o(.text.HAL_InitTick)
    [Anonymous Symbol]                       0x08000c48   Section        0  stm32wlxx_hal_msp.o(.text.HAL_MspInit)
    [Anonymous Symbol]                       0x08000c4c   Section        0  stm32wlxx_hal_cortex.o(.text.HAL_NVIC_SetPriority)
    [Anonymous Symbol]                       0x08000ca8   Section        0  stm32wlxx_hal_cortex.o(.text.HAL_NVIC_SetPriorityGrouping)
    [Anonymous Symbol]                       0x08000cc8   Section        0  stm32wlxx_hal_pwr_ex.o(.text.HAL_PWREx_GetVoltageRange)
    [Anonymous Symbol]                       0x08000cd8   Section        0  stm32wlxx_hal_pwr.o(.text.HAL_PWR_EnableBkUpAccess)
    [Anonymous Symbol]                       0x08000cec   Section        0  stm32wlxx_hal_rcc_ex.o(.text.HAL_RCCEx_PeriphCLKConfig)
    [Anonymous Symbol]                       0x08000ee4   Section        0  stm32wlxx_hal_rcc.o(.text.HAL_RCC_ClockConfig)
    [Anonymous Symbol]                       0x080010d8   Section        0  stm32wlxx_hal_rcc.o(.text.HAL_RCC_GetHCLKFreq)
    [Anonymous Symbol]                       0x080010fc   Section        0  stm32wlxx_hal_rcc.o(.text.HAL_RCC_GetPCLK1Freq)
    [Anonymous Symbol]                       0x08001134   Section        0  stm32wlxx_hal_rcc.o(.text.HAL_RCC_GetPCLK2Freq)
    [Anonymous Symbol]                       0x0800116c   Section        0  stm32wlxx_hal_rcc.o(.text.HAL_RCC_GetSysClockFreq)
    [Anonymous Symbol]                       0x08001260   Section        0  stm32wlxx_hal_rcc.o(.text.HAL_RCC_OscConfig)
    [Anonymous Symbol]                       0x080019e4   Section        0  stm32wlxx_hal_spi.o(.text.HAL_SPI_Init)
    [Anonymous Symbol]                       0x08001af8   Section        0  spi.o(.text.HAL_SPI_MspInit)
    [Anonymous Symbol]                       0x08001b64   Section        0  stm32wlxx_hal_spi.o(.text.HAL_SPI_TransmitReceive)
    [Anonymous Symbol]                       0x08002030   Section        0  stm32wlxx_hal_cortex.o(.text.HAL_SYSTICK_Config)
    [Anonymous Symbol]                       0x0800205c   Section        0  stm32wlxx_hal_uart_ex.o(.text.HAL_UARTEx_DisableFifoMode)
    [Anonymous Symbol]                       0x08002094   Section        0  stm32wlxx_hal_uart_ex.o(.text.HAL_UARTEx_SetRxFifoThreshold)
    [Anonymous Symbol]                       0x08002124   Section        0  stm32wlxx_hal_uart_ex.o(.text.HAL_UARTEx_SetTxFifoThreshold)
    [Anonymous Symbol]                       0x080021b4   Section        0  stm32wlxx_hal_uart.o(.text.HAL_UART_Init)
    [Anonymous Symbol]                       0x08002218   Section        0  usart.o(.text.HAL_UART_MspInit)
    [Anonymous Symbol]                       0x080022a4   Section        0  stm32wlxx_hal_uart.o(.text.HAL_UART_Transmit)
    [Anonymous Symbol]                       0x08002390   Section        0  stm32wlxx_it.o(.text.HardFault_Handler)
    [Anonymous Symbol]                       0x08002394   Section        0  gpio.o(.text.MX_GPIO_Init)
    [Anonymous Symbol]                       0x080023ec   Section        0  spi.o(.text.MX_SPI1_Init)
    [Anonymous Symbol]                       0x08002440   Section        0  usart.o(.text.MX_USART2_UART_Init)
    [Anonymous Symbol]                       0x080024c4   Section        0  stm32wlxx_it.o(.text.MemManage_Handler)
    [Anonymous Symbol]                       0x080024c8   Section        0  stm32wlxx_it.o(.text.NMI_Handler)
    [Anonymous Symbol]                       0x080024cc   Section        0  stm32wlxx_it.o(.text.PendSV_Handler)
    SPI_WaitFifoStateUntilTimeout            0x080024d1   Thumb Code   314  stm32wlxx_hal_spi.o(.text.SPI_WaitFifoStateUntilTimeout)
    [Anonymous Symbol]                       0x080024d0   Section        0  stm32wlxx_hal_spi.o(.text.SPI_WaitFifoStateUntilTimeout)
    SPI_WaitFlagStateUntilTimeout            0x0800260d   Thumb Code   288  stm32wlxx_hal_spi.o(.text.SPI_WaitFlagStateUntilTimeout)
    [Anonymous Symbol]                       0x0800260c   Section        0  stm32wlxx_hal_spi.o(.text.SPI_WaitFlagStateUntilTimeout)
    [Anonymous Symbol]                       0x0800272c   Section        0  stm32wlxx_it.o(.text.SVC_Handler)
    [Anonymous Symbol]                       0x08002730   Section        0  stm32wlxx_it.o(.text.SysTick_Handler)
    [Anonymous Symbol]                       0x08002734   Section        0  system_stm32wlxx.o(.text.SystemInit)
    [Anonymous Symbol]                       0x08002738   Section        0  stm32wlxx_hal_uart.o(.text.UART_AdvFeatureConfig)
    [Anonymous Symbol]                       0x08002828   Section        0  stm32wlxx_hal_uart.o(.text.UART_CheckIdleState)
    [Anonymous Symbol]                       0x08002944   Section        0  stm32wlxx_hal_uart.o(.text.UART_SetConfig)
    [Anonymous Symbol]                       0x08002bb4   Section        0  stm32wlxx_hal_uart.o(.text.UART_WaitOnFlagUntilTimeout)
    [Anonymous Symbol]                       0x08002cc0   Section        0  stm32wlxx_it.o(.text.UsageFault_Handler)
    [Anonymous Symbol]                       0x08002cc4   Section        0  usart.o(.text.fputc)
    [Anonymous Symbol]                       0x08002ce4   Section        0  main.o(.text.main)
    i.__0printf$8                            0x08002da8   Section        0  printf8.o(i.__0printf$8)
    i.__scatterload_copy                     0x08002dc8   Section       14  handlers.o(i.__scatterload_copy)
    i.__scatterload_null                     0x08002dd6   Section        2  handlers.o(i.__scatterload_null)
    i.__scatterload_zeroinit                 0x08002dd8   Section       14  handlers.o(i.__scatterload_zeroinit)
    _printf_core                             0x08002de9   Thumb Code   996  printf8.o(i._printf_core)
    i._printf_core                           0x08002de8   Section        0  printf8.o(i._printf_core)
    _printf_post_padding                     0x080031f9   Thumb Code    36  printf8.o(i._printf_post_padding)
    i._printf_post_padding                   0x080031f8   Section        0  printf8.o(i._printf_post_padding)
    _printf_pre_padding                      0x0800321d   Thumb Code    46  printf8.o(i._printf_pre_padding)
    i._printf_pre_padding                    0x0800321c   Section        0  printf8.o(i._printf_pre_padding)
    i.putchar                                0x0800324c   Section        0  putchar.o(i.putchar)
    i.puts                                   0x08003258   Section        0  puts.o(i.puts)
    .L__const.RCC_SetFlashLatency.FLASH_LATENCY_RANGE 0x0800327c   Data          12  stm32wlxx_hal_rcc.o(.rodata..L__const.RCC_SetFlashLatency.FLASH_LATENCY_RANGE)
    .Lswitch.table.UART_SetConfig.2          0x08003340   Data          16  stm32wlxx_hal_uart.o(.rodata.cst16)
    .L__const.UARTEx_SetNbDataToProcess.numerator 0x08003350   Data           8  stm32wlxx_hal_uart_ex.o(.rodata.cst8)
    .L__const.UARTEx_SetNbDataToProcess.denominator 0x08003358   Data           8  stm32wlxx_hal_uart_ex.o(.rodata.cst8)
    .L.str.1                                 0x08003360   Data           6  gd25q16.o(.rodata.str1.1)
    .L.str.6                                 0x08003360   Data          67  gd25q16.o(.rodata.str1.1)
    [Anonymous Symbol]                       0x08003360   Section        0  gd25q16.o(.rodata.str1.1)
    .L.str.4                                 0x080033a3   Data          24  gd25q16.o(.rodata.str1.1)
    .L.str.13                                0x080033bb   Data          19  gd25q16.o(.rodata.str1.1)
    .L.str.14                                0x080033c1   Data          13  gd25q16.o(.rodata.str1.1)
    .Lstr.17                                 0x080033ce   Data          64  gd25q16.o(.rodata.str1.1)
    .Lstr.16                                 0x0800340e   Data          62  gd25q16.o(.rodata.str1.1)
    .Lstr.19                                 0x0800344a   Data           2  gd25q16.o(.rodata.str1.1)
    .L.str.10                                0x0800344c   Data           5  gd25q16.o(.rodata.str1.1)
    .L.str.9                                 0x08003451   Data           3  gd25q16.o(.rodata.str1.1)
    _rand_state                              0x20000000   Data           4  rand.o(.data)
    .data                                    0x20000000   Section        4  rand.o(.data)
    .data                                    0x20000004   Section        4  stdout.o(.data)
    .L_MergedGlobals                         0x20000008   Data           8  stm32wlxx_hal.o(.data..L_MergedGlobals)
    [Anonymous Symbol]                       0x20000008   Section        0  stm32wlxx_hal.o(.data..L_MergedGlobals)
    .L_MergedGlobals                         0x20000018   Data           8  gd25q16.o(.bss..L_MergedGlobals)
    DG_Test.error_count                      0x20000018   Data           4  gd25q16.o(.bss..L_MergedGlobals)
    [Anonymous Symbol]                       0x20000018   Section        0  gd25q16.o(.bss..L_MergedGlobals)
    DG_Test.count                            0x2000001c   Data           4  gd25q16.o(.bss..L_MergedGlobals)
    STACK                                    0x20000520   Section     1024  startup_stm32wle5xx.o(STACK)

    Global Symbols

    Symbol Name                              Value     Ov Type        Size  Object(Section)

    BuildAttributes$$THM_ISAv4$E$P$D$K$B$S$7EM$PE$A:L22UL41UL21$X:L11$S22US41US21$IEEE1$IW$~IW$USESV6$~STKCKD$USESV7$WCHAR32$ENUMINT$~SHL$OTIME$ROPI$EBA8$MICROLIB$REQ8$PRES8$EABIv2 0x00000000   Number         0  anon$$obj.o ABSOLUTE
    _printf_a                                0x00000000   Number         0  stubs.o ABSOLUTE
    _printf_c                                0x00000000   Number         0  stubs.o ABSOLUTE
    _printf_charcount                        0x00000000   Number         0  stubs.o ABSOLUTE
    _printf_d                                0x00000000   Number         0  stubs.o ABSOLUTE
    _printf_e                                0x00000000   Number         0  stubs.o ABSOLUTE
    _printf_f                                0x00000000   Number         0  stubs.o ABSOLUTE
    _printf_flags                            0x00000000   Number         0  stubs.o ABSOLUTE
    _printf_fp_dec                           0x00000000   Number         0  stubs.o ABSOLUTE
    _printf_fp_hex                           0x00000000   Number         0  stubs.o ABSOLUTE
    _printf_g                                0x00000000   Number         0  stubs.o ABSOLUTE
    _printf_i                                0x00000000   Number         0  stubs.o ABSOLUTE
    _printf_int_dec                          0x00000000   Number         0  stubs.o ABSOLUTE
    _printf_l                                0x00000000   Number         0  stubs.o ABSOLUTE
    _printf_lc                               0x00000000   Number         0  stubs.o ABSOLUTE
    _printf_ll                               0x00000000   Number         0  stubs.o ABSOLUTE
    _printf_lld                              0x00000000   Number         0  stubs.o ABSOLUTE
    _printf_lli                              0x00000000   Number         0  stubs.o ABSOLUTE
    _printf_llo                              0x00000000   Number         0  stubs.o ABSOLUTE
    _printf_llu                              0x00000000   Number         0  stubs.o ABSOLUTE
    _printf_llx                              0x00000000   Number         0  stubs.o ABSOLUTE
    _printf_longlong_dec                     0x00000000   Number         0  stubs.o ABSOLUTE
    _printf_longlong_hex                     0x00000000   Number         0  stubs.o ABSOLUTE
    _printf_longlong_oct                     0x00000000   Number         0  stubs.o ABSOLUTE
    _printf_ls                               0x00000000   Number         0  stubs.o ABSOLUTE
    _printf_mbtowc                           0x00000000   Number         0  stubs.o ABSOLUTE
    _printf_n                                0x00000000   Number         0  stubs.o ABSOLUTE
    _printf_o                                0x00000000   Number         0  stubs.o ABSOLUTE
    _printf_p                                0x00000000   Number         0  stubs.o ABSOLUTE
    _printf_percent                          0x00000000   Number         0  stubs.o ABSOLUTE
    _printf_pre_padding                      0x00000000   Number         0  stubs.o ABSOLUTE
    _printf_return_value                     0x00000000   Number         0  stubs.o ABSOLUTE
    _printf_s                                0x00000000   Number         0  stubs.o ABSOLUTE
    _printf_sizespec                         0x00000000   Number         0  stubs.o ABSOLUTE
    _printf_str                              0x00000000   Number         0  stubs.o ABSOLUTE
    _printf_truncate_signed                  0x00000000   Number         0  stubs.o ABSOLUTE
    _printf_truncate_unsigned                0x00000000   Number         0  stubs.o ABSOLUTE
    _printf_u                                0x00000000   Number         0  stubs.o ABSOLUTE
    _printf_wc                               0x00000000   Number         0  stubs.o ABSOLUTE
    _printf_wctomb                           0x00000000   Number         0  stubs.o ABSOLUTE
    _printf_widthprec                        0x00000000   Number         0  stubs.o ABSOLUTE
    _printf_x                                0x00000000   Number         0  stubs.o ABSOLUTE
    __cpp_initialize__aeabi_                  - Undefined Weak Reference
    __cxa_finalize                            - Undefined Weak Reference
    __decompress                              - Undefined Weak Reference
    _clock_init                               - Undefined Weak Reference
    _microlib_exit                            - Undefined Weak Reference
    __Vectors_Size                           0x00000138   Number         0  startup_stm32wle5xx.o ABSOLUTE
    __Vectors                                0x08000000   Data           4  startup_stm32wle5xx.o(RESET)
    __Vectors_End                            0x08000138   Data           0  startup_stm32wle5xx.o(RESET)
    __main                                   0x08000139   Thumb Code     0  entry.o(.ARM.Collect$$$$00000000)
    _main_stk                                0x08000139   Thumb Code     0  entry2.o(.ARM.Collect$$$$00000001)
    _main_scatterload                        0x0800013d   Thumb Code     0  entry5.o(.ARM.Collect$$$$00000004)
    __main_after_scatterload                 0x08000141   Thumb Code     0  entry5.o(.ARM.Collect$$$$00000004)
    _main_clock                              0x08000141   Thumb Code     0  entry7b.o(.ARM.Collect$$$$00000008)
    _main_cpp_init                           0x08000141   Thumb Code     0  entry8b.o(.ARM.Collect$$$$0000000A)
    _main_init                               0x08000141   Thumb Code     0  entry9a.o(.ARM.Collect$$$$0000000B)
    __rt_final_cpp                           0x08000149   Thumb Code     0  entry10a.o(.ARM.Collect$$$$0000000D)
    __rt_final_exit                          0x08000149   Thumb Code     0  entry11a.o(.ARM.Collect$$$$0000000F)
    Reset_Handler                            0x0800014d   Thumb Code     8  startup_stm32wle5xx.o(.text)
    ADC_IRQHandler                           0x08000167   Thumb Code     0  startup_stm32wle5xx.o(.text)
    AES_IRQHandler                           0x08000167   Thumb Code     0  startup_stm32wle5xx.o(.text)
    COMP_IRQHandler                          0x08000167   Thumb Code     0  startup_stm32wle5xx.o(.text)
    DAC_IRQHandler                           0x08000167   Thumb Code     0  startup_stm32wle5xx.o(.text)
    DMA1_Channel1_IRQHandler                 0x08000167   Thumb Code     0  startup_stm32wle5xx.o(.text)
    DMA1_Channel2_IRQHandler                 0x08000167   Thumb Code     0  startup_stm32wle5xx.o(.text)
    DMA1_Channel3_IRQHandler                 0x08000167   Thumb Code     0  startup_stm32wle5xx.o(.text)
    DMA1_Channel4_IRQHandler                 0x08000167   Thumb Code     0  startup_stm32wle5xx.o(.text)
    DMA1_Channel5_IRQHandler                 0x08000167   Thumb Code     0  startup_stm32wle5xx.o(.text)
    DMA1_Channel6_IRQHandler                 0x08000167   Thumb Code     0  startup_stm32wle5xx.o(.text)
    DMA1_Channel7_IRQHandler                 0x08000167   Thumb Code     0  startup_stm32wle5xx.o(.text)
    DMA2_Channel1_IRQHandler                 0x08000167   Thumb Code     0  startup_stm32wle5xx.o(.text)
    DMA2_Channel2_IRQHandler                 0x08000167   Thumb Code     0  startup_stm32wle5xx.o(.text)
    DMA2_Channel3_IRQHandler                 0x08000167   Thumb Code     0  startup_stm32wle5xx.o(.text)
    DMA2_Channel4_IRQHandler                 0x08000167   Thumb Code     0  startup_stm32wle5xx.o(.text)
    DMA2_Channel5_IRQHandler                 0x08000167   Thumb Code     0  startup_stm32wle5xx.o(.text)
    DMA2_Channel6_IRQHandler                 0x08000167   Thumb Code     0  startup_stm32wle5xx.o(.text)
    DMA2_Channel7_IRQHandler                 0x08000167   Thumb Code     0  startup_stm32wle5xx.o(.text)
    DMAMUX1_OVR_IRQHandler                   0x08000167   Thumb Code     0  startup_stm32wle5xx.o(.text)
    EXTI0_IRQHandler                         0x08000167   Thumb Code     0  startup_stm32wle5xx.o(.text)
    EXTI15_10_IRQHandler                     0x08000167   Thumb Code     0  startup_stm32wle5xx.o(.text)
    EXTI1_IRQHandler                         0x08000167   Thumb Code     0  startup_stm32wle5xx.o(.text)
    EXTI2_IRQHandler                         0x08000167   Thumb Code     0  startup_stm32wle5xx.o(.text)
    EXTI3_IRQHandler                         0x08000167   Thumb Code     0  startup_stm32wle5xx.o(.text)
    EXTI4_IRQHandler                         0x08000167   Thumb Code     0  startup_stm32wle5xx.o(.text)
    EXTI9_5_IRQHandler                       0x08000167   Thumb Code     0  startup_stm32wle5xx.o(.text)
    FLASH_IRQHandler                         0x08000167   Thumb Code     0  startup_stm32wle5xx.o(.text)
    HSEM_IRQHandler                          0x08000167   Thumb Code     0  startup_stm32wle5xx.o(.text)
    I2C1_ER_IRQHandler                       0x08000167   Thumb Code     0  startup_stm32wle5xx.o(.text)
    I2C1_EV_IRQHandler                       0x08000167   Thumb Code     0  startup_stm32wle5xx.o(.text)
    I2C2_ER_IRQHandler                       0x08000167   Thumb Code     0  startup_stm32wle5xx.o(.text)
    I2C2_EV_IRQHandler                       0x08000167   Thumb Code     0  startup_stm32wle5xx.o(.text)
    I2C3_ER_IRQHandler                       0x08000167   Thumb Code     0  startup_stm32wle5xx.o(.text)
    I2C3_EV_IRQHandler                       0x08000167   Thumb Code     0  startup_stm32wle5xx.o(.text)
    LPTIM1_IRQHandler                        0x08000167   Thumb Code     0  startup_stm32wle5xx.o(.text)
    LPTIM2_IRQHandler                        0x08000167   Thumb Code     0  startup_stm32wle5xx.o(.text)
    LPTIM3_IRQHandler                        0x08000167   Thumb Code     0  startup_stm32wle5xx.o(.text)
    LPUART1_IRQHandler                       0x08000167   Thumb Code     0  startup_stm32wle5xx.o(.text)
    PKA_IRQHandler                           0x08000167   Thumb Code     0  startup_stm32wle5xx.o(.text)
    PVD_PVM_IRQHandler                       0x08000167   Thumb Code     0  startup_stm32wle5xx.o(.text)
    RCC_IRQHandler                           0x08000167   Thumb Code     0  startup_stm32wle5xx.o(.text)
    RNG_IRQHandler                           0x08000167   Thumb Code     0  startup_stm32wle5xx.o(.text)
    RTC_Alarm_IRQHandler                     0x08000167   Thumb Code     0  startup_stm32wle5xx.o(.text)
    RTC_WKUP_IRQHandler                      0x08000167   Thumb Code     0  startup_stm32wle5xx.o(.text)
    SPI1_IRQHandler                          0x08000167   Thumb Code     0  startup_stm32wle5xx.o(.text)
    SPI2_IRQHandler                          0x08000167   Thumb Code     0  startup_stm32wle5xx.o(.text)
    SUBGHZSPI_IRQHandler                     0x08000167   Thumb Code     0  startup_stm32wle5xx.o(.text)
    SUBGHZ_Radio_IRQHandler                  0x08000167   Thumb Code     0  startup_stm32wle5xx.o(.text)
    TAMP_STAMP_LSECSS_SSRU_IRQHandler        0x08000167   Thumb Code     0  startup_stm32wle5xx.o(.text)
    TIM16_IRQHandler                         0x08000167   Thumb Code     0  startup_stm32wle5xx.o(.text)
    TIM17_IRQHandler                         0x08000167   Thumb Code     0  startup_stm32wle5xx.o(.text)
    TIM1_BRK_IRQHandler                      0x08000167   Thumb Code     0  startup_stm32wle5xx.o(.text)
    TIM1_CC_IRQHandler                       0x08000167   Thumb Code     0  startup_stm32wle5xx.o(.text)
    TIM1_TRG_COM_IRQHandler                  0x08000167   Thumb Code     0  startup_stm32wle5xx.o(.text)
    TIM1_UP_IRQHandler                       0x08000167   Thumb Code     0  startup_stm32wle5xx.o(.text)
    TIM2_IRQHandler                          0x08000167   Thumb Code     0  startup_stm32wle5xx.o(.text)
    USART1_IRQHandler                        0x08000167   Thumb Code     0  startup_stm32wle5xx.o(.text)
    USART2_IRQHandler                        0x08000167   Thumb Code     0  startup_stm32wle5xx.o(.text)
    WWDG_IRQHandler                          0x08000167   Thumb Code     0  startup_stm32wle5xx.o(.text)
    __aeabi_uldivmod                         0x08000171   Thumb Code    98  uldiv.o(.text)
    rand                                     0x080001d5   Thumb Code    20  rand.o(.text)
    srand                                    0x080001e9   Thumb Code     6  rand.o(.text)
    __aeabi_memset                           0x080001f9   Thumb Code    14  memseta.o(.text)
    __aeabi_memset4                          0x080001f9   Thumb Code     0  memseta.o(.text)
    __aeabi_memset8                          0x080001f9   Thumb Code     0  memseta.o(.text)
    __aeabi_memclr                           0x08000207   Thumb Code     4  memseta.o(.text)
    __aeabi_memclr4                          0x08000207   Thumb Code     0  memseta.o(.text)
    __aeabi_memclr8                          0x08000207   Thumb Code     0  memseta.o(.text)
    _memset$wrapper                          0x0800020b   Thumb Code    18  memseta.o(.text)
    __aeabi_llsl                             0x0800021d   Thumb Code    30  llshl.o(.text)
    _ll_shift_l                              0x0800021d   Thumb Code     0  llshl.o(.text)
    __aeabi_llsr                             0x0800023b   Thumb Code    32  llushr.o(.text)
    _ll_ushift_r                             0x0800023b   Thumb Code     0  llushr.o(.text)
    __scatterload                            0x0800025d   Thumb Code    28  init.o(.text)
    __scatterload_rt2                        0x0800025d   Thumb Code     0  init.o(.text)
    BusFault_Handler                         0x08000281   Thumb Code     2  stm32wlxx_it.o(.text.BusFault_Handler)
    DG_Read                                  0x08000285   Thumb Code   168  gd25q16.o(.text.DG_Read)
    DG_Test                                  0x0800032d   Thumb Code  1528  gd25q16.o(.text.DG_Test)
    DG_Write_Page                            0x08000925   Thumb Code   168  gd25q16.o(.text.DG_Write_Page)
    DebugMon_Handler                         0x080009cd   Thumb Code     2  stm32wlxx_it.o(.text.DebugMon_Handler)
    Error_Handler                            0x080009d1   Thumb Code    10  main.o(.text.Error_Handler)
    HAL_GPIO_Init                            0x080009dd   Thumb Code   434  stm32wlxx_hal_gpio.o(.text.HAL_GPIO_Init)
    HAL_GPIO_TogglePin                       0x08000b91   Thumb Code    16  stm32wlxx_hal_gpio.o(.text.HAL_GPIO_TogglePin)
    HAL_GPIO_WritePin                        0x08000ba1   Thumb Code    12  stm32wlxx_hal_gpio.o(.text.HAL_GPIO_WritePin)
    HAL_GetTick                              0x08000bad   Thumb Code    12  stm32wlxx_hal.o(.text.HAL_GetTick)
    HAL_IncTick                              0x08000bb9   Thumb Code    26  stm32wlxx_hal.o(.text.HAL_IncTick)
    HAL_Init                                 0x08000bd5   Thumb Code    44  stm32wlxx_hal.o(.text.HAL_Init)
    HAL_InitTick                             0x08000c01   Thumb Code    72  stm32wlxx_hal.o(.text.HAL_InitTick)
    HAL_MspInit                              0x08000c49   Thumb Code     2  stm32wlxx_hal_msp.o(.text.HAL_MspInit)
    HAL_NVIC_SetPriority                     0x08000c4d   Thumb Code    92  stm32wlxx_hal_cortex.o(.text.HAL_NVIC_SetPriority)
    HAL_NVIC_SetPriorityGrouping             0x08000ca9   Thumb Code    32  stm32wlxx_hal_cortex.o(.text.HAL_NVIC_SetPriorityGrouping)
    HAL_PWREx_GetVoltageRange                0x08000cc9   Thumb Code    16  stm32wlxx_hal_pwr_ex.o(.text.HAL_PWREx_GetVoltageRange)
    HAL_PWR_EnableBkUpAccess                 0x08000cd9   Thumb Code    18  stm32wlxx_hal_pwr.o(.text.HAL_PWR_EnableBkUpAccess)
    HAL_RCCEx_PeriphCLKConfig                0x08000ced   Thumb Code   504  stm32wlxx_hal_rcc_ex.o(.text.HAL_RCCEx_PeriphCLKConfig)
    HAL_RCC_ClockConfig                      0x08000ee5   Thumb Code   498  stm32wlxx_hal_rcc.o(.text.HAL_RCC_ClockConfig)
    HAL_RCC_GetHCLKFreq                      0x080010d9   Thumb Code    36  stm32wlxx_hal_rcc.o(.text.HAL_RCC_GetHCLKFreq)
    HAL_RCC_GetPCLK1Freq                     0x080010fd   Thumb Code    56  stm32wlxx_hal_rcc.o(.text.HAL_RCC_GetPCLK1Freq)
    HAL_RCC_GetPCLK2Freq                     0x08001135   Thumb Code    56  stm32wlxx_hal_rcc.o(.text.HAL_RCC_GetPCLK2Freq)
    HAL_RCC_GetSysClockFreq                  0x0800116d   Thumb Code   242  stm32wlxx_hal_rcc.o(.text.HAL_RCC_GetSysClockFreq)
    HAL_RCC_OscConfig                        0x08001261   Thumb Code  1924  stm32wlxx_hal_rcc.o(.text.HAL_RCC_OscConfig)
    HAL_SPI_Init                             0x080019e5   Thumb Code   274  stm32wlxx_hal_spi.o(.text.HAL_SPI_Init)
    HAL_SPI_MspInit                          0x08001af9   Thumb Code   106  spi.o(.text.HAL_SPI_MspInit)
    HAL_SPI_TransmitReceive                  0x08001b65   Thumb Code  1228  stm32wlxx_hal_spi.o(.text.HAL_SPI_TransmitReceive)
    HAL_SYSTICK_Config                       0x08002031   Thumb Code    44  stm32wlxx_hal_cortex.o(.text.HAL_SYSTICK_Config)
    HAL_UARTEx_DisableFifoMode               0x0800205d   Thumb Code    56  stm32wlxx_hal_uart_ex.o(.text.HAL_UARTEx_DisableFifoMode)
    HAL_UARTEx_SetRxFifoThreshold            0x08002095   Thumb Code   144  stm32wlxx_hal_uart_ex.o(.text.HAL_UARTEx_SetRxFifoThreshold)
    HAL_UARTEx_SetTxFifoThreshold            0x08002125   Thumb Code   144  stm32wlxx_hal_uart_ex.o(.text.HAL_UARTEx_SetTxFifoThreshold)
    HAL_UART_Init                            0x080021b5   Thumb Code   100  stm32wlxx_hal_uart.o(.text.HAL_UART_Init)
    HAL_UART_MspInit                         0x08002219   Thumb Code   140  usart.o(.text.HAL_UART_MspInit)
    HAL_UART_Transmit                        0x080022a5   Thumb Code   236  stm32wlxx_hal_uart.o(.text.HAL_UART_Transmit)
    HardFault_Handler                        0x08002391   Thumb Code     2  stm32wlxx_it.o(.text.HardFault_Handler)
    MX_GPIO_Init                             0x08002395   Thumb Code    86  gpio.o(.text.MX_GPIO_Init)
    MX_SPI1_Init                             0x080023ed   Thumb Code    82  spi.o(.text.MX_SPI1_Init)
    MX_USART2_UART_Init                      0x08002441   Thumb Code   132  usart.o(.text.MX_USART2_UART_Init)
    MemManage_Handler                        0x080024c5   Thumb Code     2  stm32wlxx_it.o(.text.MemManage_Handler)
    NMI_Handler                              0x080024c9   Thumb Code     2  stm32wlxx_it.o(.text.NMI_Handler)
    PendSV_Handler                           0x080024cd   Thumb Code     2  stm32wlxx_it.o(.text.PendSV_Handler)
    SVC_Handler                              0x0800272d   Thumb Code     2  stm32wlxx_it.o(.text.SVC_Handler)
    SysTick_Handler                          0x08002731   Thumb Code     4  stm32wlxx_it.o(.text.SysTick_Handler)
    SystemInit                               0x08002735   Thumb Code     2  system_stm32wlxx.o(.text.SystemInit)
    UART_AdvFeatureConfig                    0x08002739   Thumb Code   238  stm32wlxx_hal_uart.o(.text.UART_AdvFeatureConfig)
    UART_CheckIdleState                      0x08002829   Thumb Code   282  stm32wlxx_hal_uart.o(.text.UART_CheckIdleState)
    UART_SetConfig                           0x08002945   Thumb Code   624  stm32wlxx_hal_uart.o(.text.UART_SetConfig)
    UART_WaitOnFlagUntilTimeout              0x08002bb5   Thumb Code   268  stm32wlxx_hal_uart.o(.text.UART_WaitOnFlagUntilTimeout)
    UsageFault_Handler                       0x08002cc1   Thumb Code     2  stm32wlxx_it.o(.text.UsageFault_Handler)
    fputc                                    0x08002cc5   Thumb Code    32  usart.o(.text.fputc)
    main                                     0x08002ce5   Thumb Code   194  main.o(.text.main)
    __0printf$8                              0x08002da9   Thumb Code    22  printf8.o(i.__0printf$8)
    __1printf$8                              0x08002da9   Thumb Code     0  printf8.o(i.__0printf$8)
    __2printf                                0x08002da9   Thumb Code     0  printf8.o(i.__0printf$8)
    __scatterload_copy                       0x08002dc9   Thumb Code    14  handlers.o(i.__scatterload_copy)
    __scatterload_null                       0x08002dd7   Thumb Code     2  handlers.o(i.__scatterload_null)
    __scatterload_zeroinit                   0x08002dd9   Thumb Code    14  handlers.o(i.__scatterload_zeroinit)
    putchar                                  0x0800324d   Thumb Code     6  putchar.o(i.putchar)
    puts                                     0x08003259   Thumb Code    30  puts.o(i.puts)
    AHBPrescTable                            0x08003288   Data          64  system_stm32wlxx.o(.rodata.AHBPrescTable)
    APBPrescTable                            0x080032c8   Data          32  system_stm32wlxx.o(.rodata.APBPrescTable)
    MSIRangeTable                            0x080032e8   Data          64  system_stm32wlxx.o(.rodata.MSIRangeTable)
    UARTPrescTable                           0x08003328   Data          24  stm32wlxx_hal_uart.o(.rodata.UARTPrescTable)
    Region$$Table$$Base                      0x08003454   Number         0  anon$$obj.o(Region$$Table)
    Region$$Table$$Limit                     0x08003474   Number         0  anon$$obj.o(Region$$Table)
    __stdout                                 0x20000004   Data           4  stdout.o(.data)
    uwTickPrio                               0x20000008   Data           4  stm32wlxx_hal.o(.data..L_MergedGlobals)
    uwTickFreq                               0x2000000c   Data           4  stm32wlxx_hal.o(.data..L_MergedGlobals)
    SystemCoreClock                          0x20000010   Data           4  system_stm32wlxx.o(.data.SystemCoreClock)
    Read_buffer                              0x20000020   Data         512  gd25q16.o(.bss.Read_buffer)
    Write_buffer                             0x20000220   Data         512  gd25q16.o(.bss.Write_buffer)
    hspi1                                    0x20000420   Data         104  spi.o(.bss.hspi1)
    huart2                                   0x20000488   Data         144  usart.o(.bss.huart2)
    uwTick                                   0x20000518   Data           4  stm32wlxx_hal.o(.bss.uwTick)
    __initial_sp                             0x20000920   Data           0  startup_stm32wle5xx.o(STACK)



==============================================================================

Memory Map of the image

  Image Entry point : 0x08000139

  Load Region LR_IROM1 (Base: 0x08000000, Size: 0x00003490, Max: 0x00040000, ABSOLUTE)

    Execution Region ER_IROM1 (Exec base: 0x08000000, Load base: 0x08000000, Size: 0x00003474, Max: 0x00040000, ABSOLUTE)

    Exec Addr    Load Addr    Size         Type   Attr      Idx    E Section Name        Object

    0x08000000   0x08000000   0x00000138   Data   RO            4    RESET               startup_stm32wle5xx.o
    0x08000138   0x08000138   0x00000000   Code   RO          979  * .ARM.Collect$$$$00000000  mc_w.l(entry.o)
    0x08000138   0x08000138   0x00000004   Code   RO         1256    .ARM.Collect$$$$00000001  mc_w.l(entry2.o)
    0x0800013c   0x0800013c   0x00000004   Code   RO         1259    .ARM.Collect$$$$00000004  mc_w.l(entry5.o)
    0x08000140   0x08000140   0x00000000   Code   RO         1261    .ARM.Collect$$$$00000008  mc_w.l(entry7b.o)
    0x08000140   0x08000140   0x00000000   Code   RO         1263    .ARM.Collect$$$$0000000A  mc_w.l(entry8b.o)
    0x08000140   0x08000140   0x00000008   Code   RO         1264    .ARM.Collect$$$$0000000B  mc_w.l(entry9a.o)
    0x08000148   0x08000148   0x00000000   Code   RO         1266    .ARM.Collect$$$$0000000D  mc_w.l(entry10a.o)
    0x08000148   0x08000148   0x00000000   Code   RO         1268    .ARM.Collect$$$$0000000F  mc_w.l(entry11a.o)
    0x08000148   0x08000148   0x00000004   Code   RO         1257    .ARM.Collect$$$$00002712  mc_w.l(entry2.o)
    0x0800014c   0x0800014c   0x00000024   Code   RO            5    .text               startup_stm32wle5xx.o
    0x08000170   0x08000170   0x00000062   Code   RO          988    .text               mc_w.l(uldiv.o)
    0x080001d2   0x080001d2   0x00000002   PAD
    0x080001d4   0x080001d4   0x00000024   Code   RO          990    .text               mc_w.l(rand.o)
    0x080001f8   0x080001f8   0x00000024   Code   RO          993    .text               mc_w.l(memseta.o)
    0x0800021c   0x0800021c   0x0000001e   Code   RO         1273    .text               mc_w.l(llshl.o)
    0x0800023a   0x0800023a   0x00000020   Code   RO         1275    .text               mc_w.l(llushr.o)
    0x0800025a   0x0800025a   0x00000002   PAD
    0x0800025c   0x0800025c   0x00000024   Code   RO         1288    .text               mc_w.l(init.o)
    0x08000280   0x08000280   0x00000002   Code   RO          124    .text.BusFault_Handler  stm32wlxx_it.o
    0x08000282   0x08000282   0x00000002   PAD
    0x08000284   0x08000284   0x000000a8   Code   RO           34    .text.DG_Read       gd25q16.o
    0x0800032c   0x0800032c   0x000005f8   Code   RO           40    .text.DG_Test       gd25q16.o
    0x08000924   0x08000924   0x000000a8   Code   RO           32    .text.DG_Write_Page  gd25q16.o
    0x080009cc   0x080009cc   0x00000002   Code   RO          130    .text.DebugMon_Handler  stm32wlxx_it.o
    0x080009ce   0x080009ce   0x00000002   PAD
    0x080009d0   0x080009d0   0x0000000a   Code   RO           61    .text.Error_Handler  main.o
    0x080009da   0x080009da   0x00000002   PAD
    0x080009dc   0x080009dc   0x000001b2   Code   RO          424    .text.HAL_GPIO_Init  stm32wlxx_hal_gpio.o
    0x08000b8e   0x08000b8e   0x00000002   PAD
    0x08000b90   0x08000b90   0x00000010   Code   RO          432    .text.HAL_GPIO_TogglePin  stm32wlxx_hal_gpio.o
    0x08000ba0   0x08000ba0   0x0000000c   Code   RO          430    .text.HAL_GPIO_WritePin  stm32wlxx_hal_gpio.o
    0x08000bac   0x08000bac   0x0000000c   Code   RO          684    .text.HAL_GetTick   stm32wlxx_hal.o
    0x08000bb8   0x08000bb8   0x0000001a   Code   RO          682    .text.HAL_IncTick   stm32wlxx_hal.o
    0x08000bd2   0x08000bd2   0x00000002   PAD
    0x08000bd4   0x08000bd4   0x0000002c   Code   RO          672    .text.HAL_Init      stm32wlxx_hal.o
    0x08000c00   0x08000c00   0x00000048   Code   RO          674    .text.HAL_InitTick  stm32wlxx_hal.o
    0x08000c48   0x08000c48   0x00000002   Code   RO          144    .text.HAL_MspInit   stm32wlxx_hal_msp.o
    0x08000c4a   0x08000c4a   0x00000002   PAD
    0x08000c4c   0x08000c4c   0x0000005c   Code   RO          627    .text.HAL_NVIC_SetPriority  stm32wlxx_hal_cortex.o
    0x08000ca8   0x08000ca8   0x00000020   Code   RO          625    .text.HAL_NVIC_SetPriorityGrouping  stm32wlxx_hal_cortex.o
    0x08000cc8   0x08000cc8   0x00000010   Code   RO          542    .text.HAL_PWREx_GetVoltageRange  stm32wlxx_hal_pwr_ex.o
    0x08000cd8   0x08000cd8   0x00000012   Code   RO          503    .text.HAL_PWR_EnableBkUpAccess  stm32wlxx_hal_pwr.o
    0x08000cea   0x08000cea   0x00000002   PAD
    0x08000cec   0x08000cec   0x000001f8   Code   RO          324    .text.HAL_RCCEx_PeriphCLKConfig  stm32wlxx_hal_rcc_ex.o
    0x08000ee4   0x08000ee4   0x000001f2   Code   RO          292    .text.HAL_RCC_ClockConfig  stm32wlxx_hal_rcc.o
    0x080010d6   0x080010d6   0x00000002   PAD
    0x080010d8   0x080010d8   0x00000024   Code   RO          290    .text.HAL_RCC_GetHCLKFreq  stm32wlxx_hal_rcc.o
    0x080010fc   0x080010fc   0x00000038   Code   RO          300    .text.HAL_RCC_GetPCLK1Freq  stm32wlxx_hal_rcc.o
    0x08001134   0x08001134   0x00000038   Code   RO          302    .text.HAL_RCC_GetPCLK2Freq  stm32wlxx_hal_rcc.o
    0x0800116c   0x0800116c   0x000000f2   Code   RO          296    .text.HAL_RCC_GetSysClockFreq  stm32wlxx_hal_rcc.o
    0x0800125e   0x0800125e   0x00000002   PAD
    0x08001260   0x08001260   0x00000784   Code   RO          288    .text.HAL_RCC_OscConfig  stm32wlxx_hal_rcc.o
    0x080019e4   0x080019e4   0x00000112   Code   RO          153    .text.HAL_SPI_Init  stm32wlxx_hal_spi.o
    0x08001af6   0x08001af6   0x00000002   PAD
    0x08001af8   0x08001af8   0x0000006a   Code   RO           86    .text.HAL_SPI_MspInit  spi.o
    0x08001b62   0x08001b62   0x00000002   PAD
    0x08001b64   0x08001b64   0x000004cc   Code   RO          165    .text.HAL_SPI_TransmitReceive  stm32wlxx_hal_spi.o
    0x08002030   0x08002030   0x0000002c   Code   RO          637    .text.HAL_SYSTICK_Config  stm32wlxx_hal_cortex.o
    0x0800205c   0x0800205c   0x00000038   Code   RO          941    .text.HAL_UARTEx_DisableFifoMode  stm32wlxx_hal_uart_ex.o
    0x08002094   0x08002094   0x00000090   Code   RO          945    .text.HAL_UARTEx_SetRxFifoThreshold  stm32wlxx_hal_uart_ex.o
    0x08002124   0x08002124   0x00000090   Code   RO          943    .text.HAL_UARTEx_SetTxFifoThreshold  stm32wlxx_hal_uart_ex.o
    0x080021b4   0x080021b4   0x00000064   Code   RO          778    .text.HAL_UART_Init  stm32wlxx_hal_uart.o
    0x08002218   0x08002218   0x0000008c   Code   RO          102    .text.HAL_UART_MspInit  usart.o
    0x080022a4   0x080022a4   0x000000ec   Code   RO          798    .text.HAL_UART_Transmit  stm32wlxx_hal_uart.o
    0x08002390   0x08002390   0x00000002   Code   RO          120    .text.HardFault_Handler  stm32wlxx_it.o
    0x08002392   0x08002392   0x00000002   PAD
    0x08002394   0x08002394   0x00000056   Code   RO           73    .text.MX_GPIO_Init  gpio.o
    0x080023ea   0x080023ea   0x00000002   PAD
    0x080023ec   0x080023ec   0x00000052   Code   RO           84    .text.MX_SPI1_Init  spi.o
    0x0800243e   0x0800243e   0x00000002   PAD
    0x08002440   0x08002440   0x00000084   Code   RO          100    .text.MX_USART2_UART_Init  usart.o
    0x080024c4   0x080024c4   0x00000002   Code   RO          122    .text.MemManage_Handler  stm32wlxx_it.o
    0x080024c6   0x080024c6   0x00000002   PAD
    0x080024c8   0x080024c8   0x00000002   Code   RO          118    .text.NMI_Handler   stm32wlxx_it.o
    0x080024ca   0x080024ca   0x00000002   PAD
    0x080024cc   0x080024cc   0x00000002   Code   RO          132    .text.PendSV_Handler  stm32wlxx_it.o
    0x080024ce   0x080024ce   0x00000002   PAD
    0x080024d0   0x080024d0   0x0000013a   Code   RO          217    .text.SPI_WaitFifoStateUntilTimeout  stm32wlxx_hal_spi.o
    0x0800260a   0x0800260a   0x00000002   PAD
    0x0800260c   0x0800260c   0x00000120   Code   RO          167    .text.SPI_WaitFlagStateUntilTimeout  stm32wlxx_hal_spi.o
    0x0800272c   0x0800272c   0x00000002   Code   RO          128    .text.SVC_Handler   stm32wlxx_it.o
    0x0800272e   0x0800272e   0x00000002   PAD
    0x08002730   0x08002730   0x00000004   Code   RO          134    .text.SysTick_Handler  stm32wlxx_it.o
    0x08002734   0x08002734   0x00000002   Code   RO          963    .text.SystemInit    system_stm32wlxx.o
    0x08002736   0x08002736   0x00000002   PAD
    0x08002738   0x08002738   0x000000ee   Code   RO          784    .text.UART_AdvFeatureConfig  stm32wlxx_hal_uart.o
    0x08002826   0x08002826   0x00000002   PAD
    0x08002828   0x08002828   0x0000011a   Code   RO          786    .text.UART_CheckIdleState  stm32wlxx_hal_uart.o
    0x08002942   0x08002942   0x00000002   PAD
    0x08002944   0x08002944   0x00000270   Code   RO          782    .text.UART_SetConfig  stm32wlxx_hal_uart.o
    0x08002bb4   0x08002bb4   0x0000010c   Code   RO          800    .text.UART_WaitOnFlagUntilTimeout  stm32wlxx_hal_uart.o
    0x08002cc0   0x08002cc0   0x00000002   Code   RO          126    .text.UsageFault_Handler  stm32wlxx_it.o
    0x08002cc2   0x08002cc2   0x00000002   PAD
    0x08002cc4   0x08002cc4   0x00000020   Code   RO          106    .text.fputc         usart.o
    0x08002ce4   0x08002ce4   0x000000c2   Code   RO           57    .text.main          main.o
    0x08002da6   0x08002da6   0x00000002   PAD
    0x08002da8   0x08002da8   0x00000020   Code   RO         1202    i.__0printf$8       mc_w.l(printf8.o)
    0x08002dc8   0x08002dc8   0x0000000e   Code   RO         1296    i.__scatterload_copy  mc_w.l(handlers.o)
    0x08002dd6   0x08002dd6   0x00000002   Code   RO         1297    i.__scatterload_null  mc_w.l(handlers.o)
    0x08002dd8   0x08002dd8   0x0000000e   Code   RO         1298    i.__scatterload_zeroinit  mc_w.l(handlers.o)
    0x08002de6   0x08002de6   0x00000002   PAD
    0x08002de8   0x08002de8   0x00000410   Code   RO         1209    i._printf_core      mc_w.l(printf8.o)
    0x080031f8   0x080031f8   0x00000024   Code   RO         1210    i._printf_post_padding  mc_w.l(printf8.o)
    0x0800321c   0x0800321c   0x0000002e   Code   RO         1211    i._printf_pre_padding  mc_w.l(printf8.o)
    0x0800324a   0x0800324a   0x00000002   PAD
    0x0800324c   0x0800324c   0x0000000c   Code   RO          984    i.putchar           mc_w.l(putchar.o)
    0x08003258   0x08003258   0x00000024   Code   RO          982    i.puts              mc_w.l(puts.o)
    0x0800327c   0x0800327c   0x0000000c   Data   RO          314    .rodata..L__const.RCC_SetFlashLatency.FLASH_LATENCY_RANGE  stm32wlxx_hal_rcc.o
    0x08003288   0x08003288   0x00000040   Data   RO          968    .rodata.AHBPrescTable  system_stm32wlxx.o
    0x080032c8   0x080032c8   0x00000020   Data   RO          969    .rodata.APBPrescTable  system_stm32wlxx.o
    0x080032e8   0x080032e8   0x00000040   Data   RO          970    .rodata.MSIRangeTable  system_stm32wlxx.o
    0x08003328   0x08003328   0x00000018   Data   RO          912    .rodata.UARTPrescTable  stm32wlxx_hal_uart.o
    0x08003340   0x08003340   0x00000010   Data   RO          913    .rodata.cst16       stm32wlxx_hal_uart.o
    0x08003350   0x08003350   0x00000010   Data   RO          953    .rodata.cst8        stm32wlxx_hal_uart_ex.o
    0x08003360   0x08003360   0x000000f4   Data   RO           46    .rodata.str1.1      gd25q16.o
    0x08003454   0x08003454   0x00000020   Data   RO         1295    Region$$Table       anon$$obj.o


    Execution Region RW_IRAM1 (Exec base: 0x20000000, Load base: 0x08003478, Size: 0x00000920, Max: 0x00008000, ABSOLUTE)

    Exec Addr    Load Addr    Size         Type   Attr      Idx    E Section Name        Object

    0x20000000   0x08003478   0x00000004   Data   RW          991    .data               mc_w.l(rand.o)
    0x20000004   0x0800347c   0x00000004   Data   RW         1270    .data               mc_w.l(stdout.o)
    0x20000008   0x08003480   0x00000008   Data   RW          739    .data..L_MergedGlobals  stm32wlxx_hal.o
    0x20000010   0x08003488   0x00000004   Data   RW          967    .data.SystemCoreClock  system_stm32wlxx.o
    0x20000014   0x0800348c   0x00000004   PAD
    0x20000018        -       0x00000008   Zero   RW           47    .bss..L_MergedGlobals  gd25q16.o
    0x20000020        -       0x00000200   Zero   RW           45    .bss.Read_buffer    gd25q16.o
    0x20000220        -       0x00000200   Zero   RW           44    .bss.Write_buffer   gd25q16.o
    0x20000420        -       0x00000068   Zero   RW           90    .bss.hspi1          spi.o
    0x20000488        -       0x00000090   Zero   RW          108    .bss.huart2         usart.o
    0x20000518        -       0x00000004   Zero   RW          738    .bss.uwTick         stm32wlxx_hal.o
    0x2000051c   0x0800348c   0x00000004   PAD
    0x20000520        -       0x00000400   Zero   RW            2    STACK               startup_stm32wle5xx.o


    Execution Region RW_IRAM2 (Exec base: 0x20008000, Load base: 0x08003490, Size: 0x00008000, Max: 0x00008000, ABSOLUTE)

    Exec Addr    Load Addr    Size         Type   Attr      Idx    E Section Name        Object

    0x20008000        -       0x00008000   Zero   RW            1    RW_IRAM2.bss        anon$$obj.o


==============================================================================

Image component sizes


      Code (inc. data)   RO Data    RW Data    ZI Data      Debug   Object Name

      1864        128        244          0       1032      11721   gd25q16.o
        86          0          0          0          0       2460   gpio.o
       204          0          0          0          0       3093   main.o
       188          0          0          0        104       5821   spi.o
        36          8        312          0       1024        760   startup_stm32wle5xx.o
       154          0          0          8          4      10729   stm32wlxx_hal.o
       168          0          0          0          0       9276   stm32wlxx_hal_cortex.o
       462          0          0          0          0       4445   stm32wlxx_hal_gpio.o
         2          0          0          0          0        351   stm32wlxx_hal_msp.o
        18          0          0          0          0       4923   stm32wlxx_hal_pwr.o
        16          0          0          0          0      10212   stm32wlxx_hal_pwr_ex.o
      2812          0         12          0          0      15890   stm32wlxx_hal_rcc.o
       504          0          0          0          0      13531   stm32wlxx_hal_rcc_ex.o
      2104          0          0          0          0      26635   stm32wlxx_hal_spi.o
      1748         46         40          0          0      27090   stm32wlxx_hal_uart.o
       344          0         16          0          0       9880   stm32wlxx_hal_uart_ex.o
        20          0          0          0          0        991   stm32wlxx_it.o
         2          0        160          4          0       2332   system_stm32wlxx.o
       304          0          0          0        144       7161   usart.o

    ----------------------------------------------------------------------
     11084        182        816         12      35084     167301   Object Totals
         0          0         32          0      32768          0   (incl. Generated)
        48          0          0          0          8          0   (incl. Padding)

    ----------------------------------------------------------------------

      Code (inc. data)   RO Data    RW Data    ZI Data      Debug   Library Member Name

         0          0          0          0          0          0   entry.o
         0          0          0          0          0          0   entry10a.o
         0          0          0          0          0          0   entry11a.o
         8          4          0          0          0          0   entry2.o
         4          0          0          0          0          0   entry5.o
         0          0          0          0          0          0   entry7b.o
         0          0          0          0          0          0   entry8b.o
         8          4          0          0          0          0   entry9a.o
        30          0          0          0          0          0   handlers.o
        36          8          0          0          0         68   init.o
        30          0          0          0          0         68   llshl.o
        32          0          0          0          0         68   llushr.o
        36          0          0          0          0        108   memseta.o
      1154         54          0          0          0        352   printf8.o
        12          6          0          0          0         68   putchar.o
        36          6          0          0          0         80   puts.o
        36         10          0          4          0        136   rand.o
         0          0          0          4          0          0   stdout.o
        98          0          0          0          0         92   uldiv.o

    ----------------------------------------------------------------------
      1528         92          0          8          0       1040   Library Totals
         8          0          0          0          0          0   (incl. Padding)

    ----------------------------------------------------------------------

      Code (inc. data)   RO Data    RW Data    ZI Data      Debug   Library Name

      1520         92          0          8          0       1040   mc_w.l

    ----------------------------------------------------------------------
      1528         92          0          8          0       1040   Library Totals

    ----------------------------------------------------------------------

==============================================================================


      Code (inc. data)   RO Data    RW Data    ZI Data      Debug   

     12612        274        816         20      35084     167805   Grand Totals
     12612        274        816         20      35084     167805   ELF Image Totals
     12612        274        816         20          0          0   ROM Totals

==============================================================================

    Total RO  Size (Code + RO Data)                13428 (  13.11kB)
    Total RW  Size (RW Data + ZI Data)             35104 (  34.28kB)
    Total ROM Size (Code + RO Data + RW Data)      13448 (  13.13kB)

==============================================================================

